Archive member included because of file (symbol)

../../../../../microchip/harmony/v1_11/bin/framework/peripheral/PIC32MX795F512L_peripherals.a(plib_eth_lib.o)
                              build/DM30004-2/production/_ext/854379441/drv_ethmac.o (PLIB_ETH_MACSetAddress)

Optional file libmchp_peripheral.a not found

Optional file libmchp_peripheral_32MX795F512L.a not found
/opt/microchip/xc32/v1.43/bin/bin/../../lib/gcc/pic32mx/4.8.3/libgcc.a(_divdi3.o)
                              build/DM30004-2/production/_ext/2107900007/unabto_harmony_time.o (__divdi3)
/opt/microchip/xc32/v1.43/bin/bin/../../lib/gcc/pic32mx/4.8.3/libgcc.a(_udivdi3.o)
                              build/DM30004-2/production/_ext/62100799/sys_tmr.o (__udivdi3)
/opt/microchip/xc32/v1.43/bin/bin/../../lib/gcc/pic32mx/4.8.3/libgcc.a(floatunsisf.o)
                              build/DM30004-2/production/_ext/1442095083/unabto_stream_window.o (__floatunsisf)
/opt/microchip/xc32/v1.43/bin/bin/../../lib/gcc/pic32mx/4.8.3/../../../../pic32mx/lib/libpic32.a(memcmp.o)
                              build/DM30004-2/production/_ext/458569783/asn.o (memcmp)
/opt/microchip/xc32/v1.43/bin/bin/../../lib/gcc/pic32mx/4.8.3/../../../../pic32mx/lib/libpic32.a(memcpy.o)
                              build/DM30004-2/production/_ext/134845378/deflate.o (memcpy)
/opt/microchip/xc32/v1.43/bin/bin/../../lib/gcc/pic32mx/4.8.3/../../../../pic32mx/lib/libpic32.a(memset.o)
                              build/DM30004-2/production/_ext/1360937237/app.o (memset)
/opt/microchip/xc32/v1.43/bin/bin/../../lib/gcc/pic32mx/4.8.3/../../../../pic32mx/lib/libpic32.a(strcmp.o)
                              build/DM30004-2/production/_ext/1899562614/dns.o (strcmp)
/opt/microchip/xc32/v1.43/bin/bin/../../lib/gcc/pic32mx/4.8.3/../../../../pic32mx/lib/libpic32.a(strcpy.o)
                              build/DM30004-2/production/_ext/1899562614/tcpip_helpers.o (strcpy)
/opt/microchip/xc32/v1.43/bin/bin/../../lib/gcc/pic32mx/4.8.3/../../../../pic32mx/lib/libpic32.a(strlen.o)
                              build/DM30004-2/production/_ext/1360937237/stream_echo.o (strlen)
/opt/microchip/xc32/v1.43/bin/bin/../../lib/gcc/pic32mx/4.8.3/../../../../pic32mx/lib/libpic32.a(default-bootstrap-exception-handler.o)
                              /opt/microchip/xc32/v1.43/bin/bin/../../lib/gcc/pic32mx/4.8.3/../../../../pic32mx/lib/./proc/32MX795F512L/crt0_mips32r2.o (_bootstrap_exception_handler)
/opt/microchip/xc32/v1.43/bin/bin/../../lib/gcc/pic32mx/4.8.3/../../../../pic32mx/lib/libpic32.a(default-on-reset.o)
                              /opt/microchip/xc32/v1.43/bin/bin/../../lib/gcc/pic32mx/4.8.3/../../../../pic32mx/lib/./proc/32MX795F512L/crt0_mips32r2.o (_on_reset)
/opt/microchip/xc32/v1.43/bin/bin/../../lib/gcc/pic32mx/4.8.3/../../../../pic32mx/lib/libpic32.a(default-on-bootstrap.o)
                              /opt/microchip/xc32/v1.43/bin/bin/../../lib/gcc/pic32mx/4.8.3/../../../../pic32mx/lib/./proc/32MX795F512L/crt0_mips32r2.o (_on_bootstrap)
/opt/microchip/xc32/v1.43/bin/bin/../../lib/gcc/pic32mx/4.8.3/../../../../pic32mx/lib/libpic32.a(default-nmi-handler.o)
                              /opt/microchip/xc32/v1.43/bin/bin/../../lib/gcc/pic32mx/4.8.3/../../../../pic32mx/lib/./proc/32MX795F512L/crt0_mips32r2.o (_nmi_handler)
/opt/microchip/xc32/v1.43/bin/bin/../../lib/gcc/pic32mx/4.8.3/../../../../pic32mx/lib/libpic32.a(general-exception.o)
                              /opt/microchip/xc32/v1.43/bin/bin/../../lib/gcc/pic32mx/4.8.3/../../../../pic32mx/lib/./proc/32MX795F512L/crt0_mips32r2.o (_general_exception_context)
/opt/microchip/xc32/v1.43/bin/bin/../../lib/gcc/pic32mx/4.8.3/../../../../pic32mx/lib/libpic32.a(vector0.o)
                              /opt/microchip/xc32/v1.43/bin/bin/../../lib/gcc/pic32mx/4.8.3/../../../../pic32mx/lib/./proc/32MX795F512L/default_isr_vectors.o (__vector_dispatch_0)
/opt/microchip/xc32/v1.43/bin/bin/../../lib/gcc/pic32mx/4.8.3/../../../../pic32mx/lib/libpic32.a(vector1.o)
                              /opt/microchip/xc32/v1.43/bin/bin/../../lib/gcc/pic32mx/4.8.3/../../../../pic32mx/lib/./proc/32MX795F512L/default_isr_vectors.o (__vector_dispatch_1)
/opt/microchip/xc32/v1.43/bin/bin/../../lib/gcc/pic32mx/4.8.3/../../../../pic32mx/lib/libpic32.a(vector2.o)
                              /opt/microchip/xc32/v1.43/bin/bin/../../lib/gcc/pic32mx/4.8.3/../../../../pic32mx/lib/./proc/32MX795F512L/default_isr_vectors.o (__vector_dispatch_2)
/opt/microchip/xc32/v1.43/bin/bin/../../lib/gcc/pic32mx/4.8.3/../../../../pic32mx/lib/libpic32.a(vector3.o)
                              /opt/microchip/xc32/v1.43/bin/bin/../../lib/gcc/pic32mx/4.8.3/../../../../pic32mx/lib/./proc/32MX795F512L/default_isr_vectors.o (__vector_dispatch_3)
/opt/microchip/xc32/v1.43/bin/bin/../../lib/gcc/pic32mx/4.8.3/../../../../pic32mx/lib/libpic32.a(vector5.o)
[...]
Memory Configuration

Name             Origin             Length             Attributes
kseg0_program_mem 0x9d000000         0x00080000         xr
kseg0_boot_mem   0x9fc00490         0x00000970
exception_mem    0x9fc01000         0x00001000
kseg1_boot_mem   0xbfc00000         0x00000490
debug_exec_mem   0xbfc02000         0x00000ff0
config3          0xbfc02ff0         0x00000004
config2          0xbfc02ff4         0x00000004
config1          0xbfc02ff8         0x00000004
config0          0xbfc02ffc         0x00000004
kseg1_data_mem   0xa0000000         0x00020000         w !x
sfrs             0xbf800000         0x00100000
configsfrs       0xbfc02ff0         0x00000010
*default*        0x00000000         0xffffffff

Linker script and memory map

LOAD /opt/microchip/xc32/v1.43/bin/bin/../../lib/gcc/pic32mx/4.8.3/../../../../pic32mx/lib/./proc/32MX795F512L/crt0_mips32r2.o
LOAD /opt/microchip/xc32/v1.43/bin/bin/../../lib/gcc/pic32mx/4.8.3/../../../../pic32mx/lib/debug-exception-return.o
LOAD build/DM30004-2/production/_ext/2025569787/sys_clk_static.o
LOAD build/DM30004-2/production/_ext/540202005/sys_ports_static.o
LOAD build/DM30004-2/production/_ext/1280997252/system_init.o
LOAD build/DM30004-2/production/_ext/1280997252/system_interrupt.o
LOAD build/DM30004-2/production/_ext/1280997252/system_exceptions.o
LOAD build/DM30004-2/production/_ext/1280997252/system_tasks.o
LOAD build/DM30004-2/production/_ext/1360937237/app.o
LOAD build/DM30004-2/production/_ext/1360937237/main.o
LOAD build/DM30004-2/production/_ext/1360937237/stream_echo.o
LOAD build/DM30004-2/production/_ext/632331575/bsp_sys_init.o
LOAD build/DM30004-2/production/_ext/134845378/adler32.o
LOAD build/DM30004-2/production/_ext/134845378/compress.o
LOAD build/DM30004-2/production/_ext/134845378/crc32.o
LOAD build/DM30004-2/production/_ext/134845378/deflate.o
LOAD build/DM30004-2/production/_ext/134845378/infback.o
LOAD build/DM30004-2/production/_ext/134845378/inffast.o
LOAD build/DM30004-2/production/_ext/134845378/inflate.o
LOAD build/DM30004-2/production/_ext/134845378/inftrees.o
LOAD build/DM30004-2/production/_ext/134845378/trees.o
LOAD build/DM30004-2/production/_ext/134845378/uncompr.o
LOAD build/DM30004-2/production/_ext/134845378/zutil.o
LOAD build/DM30004-2/production/_ext/458569783/ecc.o
LOAD build/DM30004-2/production/_ext/458569783/arc4.o
LOAD build/DM30004-2/production/_ext/458569783/pwdbased.o
LOAD build/DM30004-2/production/_ext/458569783/tfm.o
LOAD build/DM30004-2/production/_ext/458569783/asn.o
LOAD build/DM30004-2/production/_ext/458569783/des3.o
LOAD build/DM30004-2/production/_ext/458569783/rsa.o
LOAD build/DM30004-2/production/_ext/458569783/aes.o
LOAD build/DM30004-2/production/_ext/458569783/md5.o
LOAD build/DM30004-2/production/_ext/458569783/sha.o
LOAD build/DM30004-2/production/_ext/458569783/sha256.o
LOAD build/DM30004-2/production/_ext/458569783/sha512.o
LOAD build/DM30004-2/production/_ext/458569783/hmac.o
LOAD build/DM30004-2/production/_ext/458569783/hash.o
LOAD build/DM30004-2/production/_ext/458569783/compress.o
LOAD build/DM30004-2/production/_ext/458569783/random.o
LOAD build/DM30004-2/production/_ext/458569783/crypto.o
LOAD build/DM30004-2/production/_ext/458569783/coding.o
LOAD build/DM30004-2/production/_ext/458569783/error.o
LOAD build/DM30004-2/production/_ext/458569783/integer.o
LOAD build/DM30004-2/production/_ext/458569783/logging.o
LOAD build/DM30004-2/production/_ext/458569783/memory.o
LOAD build/DM30004-2/production/_ext/458569783/misc.o
LOAD build/DM30004-2/production/_ext/458569783/port.o
LOAD build/DM30004-2/production/_ext/854379441/drv_ethmac.o
LOAD build/DM30004-2/production/_ext/854379441/drv_ethmac_lib.o
LOAD build/DM30004-2/production/_ext/2030533247/drv_ethphy.o
LOAD build/DM30004-2/production/_ext/2030533247/drv_extphy_smsc8740.o
LOAD build/DM30004-2/production/_ext/2027566358/drv_tmr.o
LOAD build/DM30004-2/production/_ext/1322803601/sys_devcon.o
LOAD build/DM30004-2/production/_ext/1322803601/sys_devcon_pic32mx.o
LOAD build/DM30004-2/production/_ext/1204230505/sys_int_pic32.o
LOAD build/DM30004-2/production/_ext/1310142747/sys_random.o
LOAD build/DM30004-2/production/_ext/62100799/sys_tmr.o
LOAD build/DM30004-2/production/_ext/804969968/helpers.o
LOAD build/DM30004-2/production/_ext/1899562614/ipv4.o
LOAD build/DM30004-2/production/_ext/1899562614/udp.o
LOAD build/DM30004-2/production/_ext/1899562614/tcpip_heap_alloc.o
LOAD build/DM30004-2/production/_ext/1899562614/tcpip_heap_internal.o
LOAD build/DM30004-2/production/_ext/1899562614/arp.o
LOAD build/DM30004-2/production/_ext/1899562614/dhcp.o
LOAD build/DM30004-2/production/_ext/1899562614/dns.o
LOAD build/DM30004-2/production/_ext/1899562614/hash_fnv.o
LOAD build/DM30004-2/production/_ext/1899562614/oahash.o
LOAD build/DM30004-2/production/_ext/1899562614/tcpip_helpers.o
LOAD build/DM30004-2/production/_ext/1899562614/tcpip_helper_c32.o
LOAD build/DM30004-2/production/_ext/1899562614/tcpip_manager.o
LOAD build/DM30004-2/production/_ext/1899562614/tcpip_notify.o
LOAD build/DM30004-2/production/_ext/1899562614/tcpip_packet.o
LOAD build/DM30004-2/production/_ext/1442095083/unabto_aes128_sha256.o
LOAD build/DM30004-2/production/_ext/1442095083/unabto_app_adapter.o
LOAD build/DM30004-2/production/_ext/1442095083/unabto_attach.o
LOAD build/DM30004-2/production/_ext/1442095083/unabto_buffers.o
LOAD build/DM30004-2/production/_ext/1442095083/unabto_common_main.o
LOAD build/DM30004-2/production/_ext/1442095083/unabto_connection.o
LOAD build/DM30004-2/production/_ext/1442095083/unabto_context.o
LOAD build/DM30004-2/production/_ext/1442095083/unabto_crypto.o
LOAD build/DM30004-2/production/_ext/1442095083/unabto_debug_packet.o
LOAD build/DM30004-2/production/_ext/1442095083/unabto_extended_rendezvous.o
LOAD build/DM30004-2/production/_ext/1442095083/unabto_memory.o
LOAD build/DM30004-2/production/_ext/1442095083/unabto_message.o
LOAD build/DM30004-2/production/_ext/1442095083/unabto_next_event.o
LOAD build/DM30004-2/production/_ext/1442095083/unabto_packet.o
LOAD build/DM30004-2/production/_ext/1442095083/unabto_packet_util.o
LOAD build/DM30004-2/production/_ext/1442095083/unabto_prf.o
LOAD build/DM30004-2/production/_ext/1442095083/unabto_query_rw.o
LOAD build/DM30004-2/production/_ext/1442095083/unabto_stream.o
LOAD build/DM30004-2/production/_ext/1442095083/unabto_stream_environment.o
LOAD build/DM30004-2/production/_ext/1442095083/unabto_stream_event.o
LOAD build/DM30004-2/production/_ext/1442095083/unabto_stream_window.o
LOAD build/DM30004-2/production/_ext/1442095083/unabto_tcp_fallback.o
LOAD build/DM30004-2/production/_ext/2107900007/unabto_harmony_crypto.o
LOAD build/DM30004-2/production/_ext/2107900007/unabto_harmony_dns.o
LOAD build/DM30004-2/production/_ext/2107900007/unabto_harmony_network.o
LOAD build/DM30004-2/production/_ext/2107900007/unabto_harmony_random.o
LOAD build/DM30004-2/production/_ext/2107900007/unabto_harmony_time.o
LOAD build/DM30004-2/production/_ext/2107900007/unabto_udp_debug.o
LOAD ../../../../../microchip/harmony/v1_11/bin/framework/peripheral/PIC32MX795F512L_peripherals.a
                0x00000001                __MPLAB_BUILD = 0x1
                0x0000afa0                _min_heap_size = 0xafa0
LOAD /opt/microchip/xc32/v1.43/bin/bin/../../lib/gcc/pic32mx/4.8.3/../../../../pic32mx/lib/./proc/32MX795F512L/default_isr_vectors.o
LOAD /opt/microchip/xc32/v1.43/bin/bin/../../lib/gcc/pic32mx/4.8.3/../../../../pic32mx/lib/pic32_software_reset.o
                0x00000400                PROVIDE (_min_stack_size, 0x400)
LOAD /opt/microchip/xc32/v1.43/bin/bin/../../lib/gcc/pic32mx/4.8.3/../../../../pic32mx/lib/./proc/32MX795F512L/processor.o
START GROUP
LOAD libmchp_peripheral.a
END GROUP
START GROUP
LOAD libmchp_peripheral_32MX795F512L.a
END GROUP
                0x00000001                PROVIDE (_vector_spacing, 0x1)
                0x9fc01000                PROVIDE (_ebase_address, 0x9fc01000)
                0xbfc00000                _RESET_ADDR = 0xbfc00000
                0xbfc00380                _BEV_EXCPT_ADDR = 0xbfc00380
                0xbfc00480                _DBG_EXCPT_ADDR = 0xbfc00480
                0xbfc02000                _DBG_CODE_ADDR = 0xbfc02000
                0x00000ff0                _DBG_CODE_SIZE = 0xff0
                0x9fc01180                _GEN_EXCPT_ADDR = (_ebase_address + 0x180)

.config_BFC02FF0
                0xbfc02ff0        0x4
 *(.config_BFC02FF0)
 .config_BFC02FF0
                0xbfc02ff0        0x4 build/DM30004-2/production/_ext/1280997252/system_init.o

.config_BFC02FF4
                0xbfc02ff4        0x4
 *(.config_BFC02FF4)
 .config_BFC02FF4
                0xbfc02ff4        0x4 build/DM30004-2/production/_ext/1280997252/system_init.o

.config_BFC02FF8
                0xbfc02ff8        0x4
 *(.config_BFC02FF8)
 .config_BFC02FF8
                0xbfc02ff8        0x4 build/DM30004-2/production/_ext/1280997252/system_init.o

.config_BFC02FFC
                0xbfc02ffc        0x4
 *(.config_BFC02FFC)
 .config_BFC02FFC
                0xbfc02ffc        0x4 build/DM30004-2/production/_ext/1280997252/system_init.o
                0xbfc02000                PROVIDE (_DBG_CODE_ADDR, 0xbfc02000)
                0x00000ff0                PROVIDE (_DBG_CODE_SIZE, 0xff0)

.reset          0xbfc00000      0x208
 *(.reset)
 .reset         0xbfc00000        0x8 /opt/microchip/xc32/v1.43/bin/bin/../../lib/gcc/pic32mx/4.8.3/../../../../pic32mx/lib/./proc/32MX795F512L/crt0_mips32r2.o
                0xbfc00000                _reset
 *(.reset.startup)
 .reset.startup
                0xbfc00008      0x200 /opt/microchip/xc32/v1.43/bin/bin/../../lib/gcc/pic32mx/4.8.3/../../../../pic32mx/lib/./proc/32MX795F512L/crt0_mips32r2.o
                0xbfc00008                _startup

.bev_excpt      0xbfc00380       0x10
 *(.bev_handler)
 .bev_handler   0xbfc00380       0x10 /opt/microchip/xc32/v1.43/bin/bin/../../lib/gcc/pic32mx/4.8.3/../../../../pic32mx/lib/./proc/32MX795F512L/crt0_mips32r2.o

.dbg_excpt      0xbfc00480        0x0
                0xbfc00480                . = (. + DEFINED (_DEBUGGER)?0x8:0x0)

.dbg_code       0xbfc02000        0x0
                0xbfc02000                . = (. + DEFINED (_DEBUGGER)?_DBG_CODE_SIZE:0x0)

.app_excpt      0x9fc01180       0x10
 *(.gen_handler)
 .gen_handler   0x9fc01180       0x10 /opt/microchip/xc32/v1.43/bin/bin/../../lib/gcc/pic32mx/4.8.3/../../../../pic32mx/lib/./proc/32MX795F512L/crt0_mips32r2.o

.vector_0       0x9fc01200        0x8
 *(.vector_0)
 .vector_0      0x9fc01200        0x8 /opt/microchip/xc32/v1.43/bin/bin/../../lib/gcc/pic32mx/4.8.3/../../../../pic32mx/lib/libpic32.a(vector0.o)
                0x9fc01200                __vector_dispatch_0
                0x00000001                ASSERT (((_vector_spacing == 0x0) || (SIZEOF (.vector_0) <= (_vector_spacing << 0x5))), function at exception vector 0 too large)

.vector_1       0x9fc01220        0x8
 *(.vector_1)
 .vector_1      0x9fc01220        0x8 /opt/microchip/xc32/v1.43/bin/bin/../../lib/gcc/pic32mx/4.8.3/../../../../pic32mx/lib/libpic32.a(vector1.o)
                0x9fc01220                __vector_dispatch_1
                0x00000001                ASSERT (((_vector_spacing == 0x0) || (SIZEOF (.vector_1) <= (_vector_spacing << 0x5))), function at exception vector 1 too large)

.vector_2       0x9fc01240        0x8
 *(.vector_2)
 .vector_2      0x9fc01240        0x8 /opt/microchip/xc32/v1.43/bin/bin/../../lib/gcc/pic32mx/4.8.3/../../../../pic32mx/lib/libpic32.a(vector2.o)
                0x9fc01240                __vector_dispatch_2
                0x00000001                ASSERT (((_vector_spacing == 0x0) || (SIZEOF (.vector_2) <= (_vector_spacing << 0x5))), function at exception vector 2 too large)

.vector_3       0x9fc01260        0x8
 *(.vector_3)
 .vector_3      0x9fc01260        0x8 /opt/microchip/xc32/v1.43/bin/bin/../../lib/gcc/pic32mx/4.8.3/../../../../pic32mx/lib/libpic32.a(vector3.o)
                0x9fc01260                __vector_dispatch_3
                0x00000001                ASSERT (((_vector_spacing == 0x0) || (SIZEOF (.vector_3) <= (_vector_spacing << 0x5))), function at exception vector 3 too large)

.vector_4       0x9fc01280        0x8
 *(.vector_4)
 .vector_4      0x9fc01280        0x8 build/DM30004-2/production/_ext/1280997252/system_interrupt.o
                0x9fc01280                __vector_dispatch_4
                0x00000001                ASSERT (((_vector_spacing == 0x0) || (SIZEOF (.vector_4) <= (_vector_spacing << 0x5))), function at exception vector 4 too large)

.vector_5       0x9fc012a0        0x8
 *(.vector_5)
 .vector_5      0x9fc012a0        0x8 /opt/microchip/xc32/v1.43/bin/bin/../../lib/gcc/pic32mx/4.8.3/../../../../pic32mx/lib/libpic32.a(vector5.o)
                0x9fc012a0                __vector_dispatch_5
                0x00000001                ASSERT (((_vector_spacing == 0x0) || (SIZEOF (.vector_5) <= (_vector_spacing << 0x5))), function at exception vector 5 too large)

.vector_6       0x9fc012c0        0x8
 *(.vector_6)
 .vector_6      0x9fc012c0        0x8 /opt/microchip/xc32/v1.43/bin/bin/../../lib/gcc/pic32mx/4.8.3/../../../../pic32mx/lib/libpic32.a(vector6.o)
                0x9fc012c0                __vector_dispatch_6
                0x00000001                ASSERT (((_vector_spacing == 0x0) || (SIZEOF (.vector_6) <= (_vector_spacing << 0x5))), function at exception vector 6 too large)

.vector_7       0x9fc012e0        0x8
 *(.vector_7)
 .vector_7      0x9fc012e0        0x8 /opt/microchip/xc32/v1.43/bin/bin/../../lib/gcc/pic32mx/4.8.3/../../../../pic32mx/lib/libpic32.a(vector7.o)
                0x9fc012e0                __vector_dispatch_7
                0x00000001                ASSERT (((_vector_spacing == 0x0) || (SIZEOF (.vector_7) <= (_vector_spacing << 0x5))), function at exception vector 7 too large)

.vector_8       0x9fc01300        0x8
 *(.vector_8)
 .vector_8      0x9fc01300        0x8 /opt/microchip/xc32/v1.43/bin/bin/../../lib/gcc/pic32mx/4.8.3/../../../../pic32mx/lib/libpic32.a(vector8.o)
                0x9fc01300                __vector_dispatch_8
                0x00000001                ASSERT (((_vector_spacing == 0x0) || (SIZEOF (.vector_8) <= (_vector_spacing << 0x5))), function at exception vector 8 too large)

.vector_9       0x9fc01320        0x8
 *(.vector_9)
 .vector_9      0x9fc01320        0x8 /opt/microchip/xc32/v1.43/bin/bin/../../lib/gcc/pic32mx/4.8.3/../../../../pic32mx/lib/libpic32.a(vector9.o)
                0x9fc01320                __vector_dispatch_9
                0x00000001                ASSERT (((_vector_spacing == 0x0) || (SIZEOF (.vector_9) <= (_vector_spacing << 0x5))), function at exception vector 9 too large)

.vector_10      0x9fc01340        0x8
 *(.vector_10)
 .vector_10     0x9fc01340        0x8 /opt/microchip/xc32/v1.43/bin/bin/../../lib/gcc/pic32mx/4.8.3/../../../../pic32mx/lib/libpic32.a(vector10.o)
                0x9fc01340                __vector_dispatch_10
                0x00000001                ASSERT (((_vector_spacing == 0x0) || (SIZEOF (.vector_10) <= (_vector_spacing << 0x5))), function at exception vector 10 too large)

.vector_11      0x9fc01360        0x8
 *(.vector_11)
 .vector_11     0x9fc01360        0x8 /opt/microchip/xc32/v1.43/bin/bin/../../lib/gcc/pic32mx/4.8.3/../../../../pic32mx/lib/libpic32.a(vector11.o)
                0x9fc01360                __vector_dispatch_11
                0x00000001                ASSERT (((_vector_spacing == 0x0) || (SIZEOF (.vector_11) <= (_vector_spacing << 0x5))), function at exception vector 11 too large)

.vector_12      0x9fc01380        0x8
 *(.vector_12)
 .vector_12     0x9fc01380        0x8 /opt/microchip/xc32/v1.43/bin/bin/../../lib/gcc/pic32mx/4.8.3/../../../../pic32mx/lib/libpic32.a(vector12.o)
                0x9fc01380                __vector_dispatch_12
                0x00000001                ASSERT (((_vector_spacing == 0x0) || (SIZEOF (.vector_12) <= (_vector_spacing << 0x5))), function at exception vector 12 too large)

.vector_13      0x9fc013a0        0x8
 *(.vector_13)
 .vector_13     0x9fc013a0        0x8 /opt/microchip/xc32/v1.43/bin/bin/../../lib/gcc/pic32mx/4.8.3/../../../../pic32mx/lib/libpic32.a(vector13.o)
                0x9fc013a0                __vector_dispatch_13
                0x00000001                ASSERT (((_vector_spacing == 0x0) || (SIZEOF (.vector_13) <= (_vector_spacing << 0x5))), function at exception vector 13 too large)

.vector_14      0x9fc013c0        0x8
 *(.vector_14)
 .vector_14     0x9fc013c0        0x8 /opt/microchip/xc32/v1.43/bin/bin/../../lib/gcc/pic32mx/4.8.3/../../../../pic32mx/lib/libpic32.a(vector14.o)
                0x9fc013c0                __vector_dispatch_14
                0x00000001                ASSERT (((_vector_spacing == 0x0) || (SIZEOF (.vector_14) <= (_vector_spacing << 0x5))), function at exception vector 14 too large)

.vector_15      0x9fc013e0        0x8
 *(.vector_15)
 .vector_15     0x9fc013e0        0x8 /opt/microchip/xc32/v1.43/bin/bin/../../lib/gcc/pic32mx/4.8.3/../../../../pic32mx/lib/libpic32.a(vector15.o)
                0x9fc013e0                __vector_dispatch_15
                0x00000001                ASSERT (((_vector_spacing == 0x0) || (SIZEOF (.vector_15) <= (_vector_spacing << 0x5))), function at exception vector 15 too large)

.vector_16      0x9fc01400        0x8
 *(.vector_16)
 .vector_16     0x9fc01400        0x8 /opt/microchip/xc32/v1.43/bin/bin/../../lib/gcc/pic32mx/4.8.3/../../../../pic32mx/lib/libpic32.a(vector16.o)
                0x9fc01400                __vector_dispatch_16
                0x00000001                ASSERT (((_vector_spacing == 0x0) || (SIZEOF (.vector_16) <= (_vector_spacing << 0x5))), function at exception vector 16 too large)

.vector_17      0x9fc01420        0x8
 *(.vector_17)
 .vector_17     0x9fc01420        0x8 /opt/microchip/xc32/v1.43/bin/bin/../../lib/gcc/pic32mx/4.8.3/../../../../pic32mx/lib/libpic32.a(vector17.o)
                0x9fc01420                __vector_dispatch_17
                0x00000001                ASSERT (((_vector_spacing == 0x0) || (SIZEOF (.vector_17) <= (_vector_spacing << 0x5))), function at exception vector 17 too large)

.vector_18      0x9fc01440        0x8
 *(.vector_18)
 .vector_18     0x9fc01440        0x8 /opt/microchip/xc32/v1.43/bin/bin/../../lib/gcc/pic32mx/4.8.3/../../../../pic32mx/lib/libpic32.a(vector18.o)
                0x9fc01440                __vector_dispatch_18
                0x00000001                ASSERT (((_vector_spacing == 0x0) || (SIZEOF (.vector_18) <= (_vector_spacing << 0x5))), function at exception vector 18 too large)

.vector_19      0x9fc01460        0x8
 *(.vector_19)
 .vector_19     0x9fc01460        0x8 /opt/microchip/xc32/v1.43/bin/bin/../../lib/gcc/pic32mx/4.8.3/../../../../pic32mx/lib/libpic32.a(vector19.o)
                0x9fc01460                __vector_dispatch_19
                0x00000001                ASSERT (((_vector_spacing == 0x0) || (SIZEOF (.vector_19) <= (_vector_spacing << 0x5))), function at exception vector 19 too large)

.vector_20      0x9fc01480        0x8
 *(.vector_20)
 .vector_20     0x9fc01480        0x8 /opt/microchip/xc32/v1.43/bin/bin/../../lib/gcc/pic32mx/4.8.3/../../../../pic32mx/lib/libpic32.a(vector20.o)
                0x9fc01480                __vector_dispatch_20
                0x00000001                ASSERT (((_vector_spacing == 0x0) || (SIZEOF (.vector_20) <= (_vector_spacing << 0x5))), function at exception vector 20 too large)

.vector_21      0x9fc014a0        0x8
 *(.vector_21)
 .vector_21     0x9fc014a0        0x8 /opt/microchip/xc32/v1.43/bin/bin/../../lib/gcc/pic32mx/4.8.3/../../../../pic32mx/lib/libpic32.a(vector21.o)
                0x9fc014a0                __vector_dispatch_21
                0x00000001                ASSERT (((_vector_spacing == 0x0) || (SIZEOF (.vector_21) <= (_vector_spacing << 0x5))), function at exception vector 21 too large)

.vector_22      0x9fc014c0        0x8
 *(.vector_22)
 .vector_22     0x9fc014c0        0x8 /opt/microchip/xc32/v1.43/bin/bin/../../lib/gcc/pic32mx/4.8.3/../../../../pic32mx/lib/libpic32.a(vector22.o)
                0x9fc014c0                __vector_dispatch_22
                0x00000001                ASSERT (((_vector_spacing == 0x0) || (SIZEOF (.vector_22) <= (_vector_spacing << 0x5))), function at exception vector 22 too large)

.vector_23      0x9fc014e0        0x8
 *(.vector_23)
 .vector_23     0x9fc014e0        0x8 /opt/microchip/xc32/v1.43/bin/bin/../../lib/gcc/pic32mx/4.8.3/../../../../pic32mx/lib/libpic32.a(vector23.o)
                0x9fc014e0                __vector_dispatch_23
                0x00000001                ASSERT (((_vector_spacing == 0x0) || (SIZEOF (.vector_23) <= (_vector_spacing << 0x5))), function at exception vector 23 too large)

.vector_24      0x9fc01500        0x8
 *(.vector_24)
 .vector_24     0x9fc01500        0x8 /opt/microchip/xc32/v1.43/bin/bin/../../lib/gcc/pic32mx/4.8.3/../../../../pic32mx/lib/libpic32.a(vector24.o)
                0x9fc01500                __vector_dispatch_24
                0x00000001                ASSERT (((_vector_spacing == 0x0) || (SIZEOF (.vector_24) <= (_vector_spacing << 0x5))), function at exception vector 24 too large)

.vector_25      0x9fc01520        0x8
 *(.vector_25)
 .vector_25     0x9fc01520        0x8 /opt/microchip/xc32/v1.43/bin/bin/../../lib/gcc/pic32mx/4.8.3/../../../../pic32mx/lib/libpic32.a(vector25.o)
                0x9fc01520                __vector_dispatch_25
                0x00000001                ASSERT (((_vector_spacing == 0x0) || (SIZEOF (.vector_25) <= (_vector_spacing << 0x5))), function at exception vector 25 too large)

.vector_26      0x9fc01540        0x8
 *(.vector_26)
 .vector_26     0x9fc01540        0x8 /opt/microchip/xc32/v1.43/bin/bin/../../lib/gcc/pic32mx/4.8.3/../../../../pic32mx/lib/libpic32.a(vector26.o)
                0x9fc01540                __vector_dispatch_26
                0x00000001                ASSERT (((_vector_spacing == 0x0) || (SIZEOF (.vector_26) <= (_vector_spacing << 0x5))), function at exception vector 26 too large)

.vector_27      0x9fc01560        0x8
 *(.vector_27)
 .vector_27     0x9fc01560        0x8 /opt/microchip/xc32/v1.43/bin/bin/../../lib/gcc/pic32mx/4.8.3/../../../../pic32mx/lib/libpic32.a(vector27.o)
                0x9fc01560                __vector_dispatch_27
                0x00000001                ASSERT (((_vector_spacing == 0x0) || (SIZEOF (.vector_27) <= (_vector_spacing << 0x5))), function at exception vector 27 too large)

.vector_28      0x9fc01580        0x8
 *(.vector_28)
 .vector_28     0x9fc01580        0x8 /opt/microchip/xc32/v1.43/bin/bin/../../lib/gcc/pic32mx/4.8.3/../../../../pic32mx/lib/libpic32.a(vector28.o)
                0x9fc01580                __vector_dispatch_28
                0x00000001                ASSERT (((_vector_spacing == 0x0) || (SIZEOF (.vector_28) <= (_vector_spacing << 0x5))), function at exception vector 28 too large)

.vector_29      0x9fc015a0        0x8
 *(.vector_29)
 .vector_29     0x9fc015a0        0x8 /opt/microchip/xc32/v1.43/bin/bin/../../lib/gcc/pic32mx/4.8.3/../../../../pic32mx/lib/libpic32.a(vector29.o)
                0x9fc015a0                __vector_dispatch_29
                0x00000001                ASSERT (((_vector_spacing == 0x0) || (SIZEOF (.vector_29) <= (_vector_spacing << 0x5))), function at exception vector 29 too large)

.vector_30      0x9fc015c0        0x8
 *(.vector_30)
 .vector_30     0x9fc015c0        0x8 /opt/microchip/xc32/v1.43/bin/bin/../../lib/gcc/pic32mx/4.8.3/../../../../pic32mx/lib/libpic32.a(vector30.o)
                0x9fc015c0                __vector_dispatch_30
                0x00000001                ASSERT (((_vector_spacing == 0x0) || (SIZEOF (.vector_30) <= (_vector_spacing << 0x5))), function at exception vector 30 too large)

.vector_31      0x9fc015e0        0x8
 *(.vector_31)
 .vector_31     0x9fc015e0        0x8 /opt/microchip/xc32/v1.43/bin/bin/../../lib/gcc/pic32mx/4.8.3/../../../../pic32mx/lib/libpic32.a(vector31.o)
                0x9fc015e0                __vector_dispatch_31
                0x00000001                ASSERT (((_vector_spacing == 0x0) || (SIZEOF (.vector_31) <= (_vector_spacing << 0x5))), function at exception vector 31 too large)

.vector_32      0x9fc01600        0x8
 *(.vector_32)
 .vector_32     0x9fc01600        0x8 /opt/microchip/xc32/v1.43/bin/bin/../../lib/gcc/pic32mx/4.8.3/../../../../pic32mx/lib/libpic32.a(vector32.o)
                0x9fc01600                __vector_dispatch_32
                0x00000001                ASSERT (((_vector_spacing == 0x0) || (SIZEOF (.vector_32) <= (_vector_spacing << 0x5))), function at exception vector 32 too large)

.vector_33      0x9fc01620        0x8
 *(.vector_33)
 .vector_33     0x9fc01620        0x8 /opt/microchip/xc32/v1.43/bin/bin/../../lib/gcc/pic32mx/4.8.3/../../../../pic32mx/lib/libpic32.a(vector33.o)
                0x9fc01620                __vector_dispatch_33
                0x00000001                ASSERT (((_vector_spacing == 0x0) || (SIZEOF (.vector_33) <= (_vector_spacing << 0x5))), function at exception vector 33 too large)

.vector_34      0x9fc01640        0x8
 *(.vector_34)
 .vector_34     0x9fc01640        0x8 /opt/microchip/xc32/v1.43/bin/bin/../../lib/gcc/pic32mx/4.8.3/../../../../pic32mx/lib/libpic32.a(vector34.o)
                0x9fc01640                __vector_dispatch_34
                0x00000001                ASSERT (((_vector_spacing == 0x0) || (SIZEOF (.vector_34) <= (_vector_spacing << 0x5))), function at exception vector 34 too large)

.vector_35      0x9fc01660        0x8
 *(.vector_35)
 .vector_35     0x9fc01660        0x8 /opt/microchip/xc32/v1.43/bin/bin/../../lib/gcc/pic32mx/4.8.3/../../../../pic32mx/lib/libpic32.a(vector35.o)
                0x9fc01660                __vector_dispatch_35
                0x00000001                ASSERT (((_vector_spacing == 0x0) || (SIZEOF (.vector_35) <= (_vector_spacing << 0x5))), function at exception vector 35 too large)

.vector_36      0x9fc01680        0x8
 *(.vector_36)
 .vector_36     0x9fc01680        0x8 /opt/microchip/xc32/v1.43/bin/bin/../../lib/gcc/pic32mx/4.8.3/../../../../pic32mx/lib/libpic32.a(vector36.o)
                0x9fc01680                __vector_dispatch_36
                0x00000001                ASSERT (((_vector_spacing == 0x0) || (SIZEOF (.vector_36) <= (_vector_spacing << 0x5))), function at exception vector 36 too large)

.vector_37      0x9fc016a0        0x8
 *(.vector_37)
 .vector_37     0x9fc016a0        0x8 /opt/microchip/xc32/v1.43/bin/bin/../../lib/gcc/pic32mx/4.8.3/../../../../pic32mx/lib/libpic32.a(vector37.o)
                0x9fc016a0                __vector_dispatch_37
                0x00000001                ASSERT (((_vector_spacing == 0x0) || (SIZEOF (.vector_37) <= (_vector_spacing << 0x5))), function at exception vector 37 too large)

.vector_38      0x9fc016c0        0x8
 *(.vector_38)
 .vector_38     0x9fc016c0        0x8 /opt/microchip/xc32/v1.43/bin/bin/../../lib/gcc/pic32mx/4.8.3/../../../../pic32mx/lib/libpic32.a(vector38.o)
                0x9fc016c0                __vector_dispatch_38
                0x00000001                ASSERT (((_vector_spacing == 0x0) || (SIZEOF (.vector_38) <= (_vector_spacing << 0x5))), function at exception vector 38 too large)

.vector_39      0x9fc016e0        0x8
 *(.vector_39)
 .vector_39     0x9fc016e0        0x8 /opt/microchip/xc32/v1.43/bin/bin/../../lib/gcc/pic32mx/4.8.3/../../../../pic32mx/lib/libpic32.a(vector39.o)
                0x9fc016e0                __vector_dispatch_39
                0x00000001                ASSERT (((_vector_spacing == 0x0) || (SIZEOF (.vector_39) <= (_vector_spacing << 0x5))), function at exception vector 39 too large)

.vector_40      0x9fc01700        0x8
 *(.vector_40)
 .vector_40     0x9fc01700        0x8 /opt/microchip/xc32/v1.43/bin/bin/../../lib/gcc/pic32mx/4.8.3/../../../../pic32mx/lib/libpic32.a(vector40.o)
                0x9fc01700                __vector_dispatch_40
                0x00000001                ASSERT (((_vector_spacing == 0x0) || (SIZEOF (.vector_40) <= (_vector_spacing << 0x5))), function at exception vector 40 too large)

.vector_41      0x9fc01720        0x8
 *(.vector_41)
 .vector_41     0x9fc01720        0x8 /opt/microchip/xc32/v1.43/bin/bin/../../lib/gcc/pic32mx/4.8.3/../../../../pic32mx/lib/libpic32.a(vector41.o)
                0x9fc01720                __vector_dispatch_41
                0x00000001                ASSERT (((_vector_spacing == 0x0) || (SIZEOF (.vector_41) <= (_vector_spacing << 0x5))), function at exception vector 41 too large)

.vector_42      0x9fc01740        0x8
 *(.vector_42)
 .vector_42     0x9fc01740        0x8 /opt/microchip/xc32/v1.43/bin/bin/../../lib/gcc/pic32mx/4.8.3/../../../../pic32mx/lib/libpic32.a(vector42.o)
                0x9fc01740                __vector_dispatch_42
                0x00000001                ASSERT (((_vector_spacing == 0x0) || (SIZEOF (.vector_42) <= (_vector_spacing << 0x5))), function at exception vector 42 too large)

.vector_43      0x9fc01760        0x8
 *(.vector_43)
 .vector_43     0x9fc01760        0x8 /opt/microchip/xc32/v1.43/bin/bin/../../lib/gcc/pic32mx/4.8.3/../../../../pic32mx/lib/libpic32.a(vector43.o)
                0x9fc01760                __vector_dispatch_43
                0x00000001                ASSERT (((_vector_spacing == 0x0) || (SIZEOF (.vector_43) <= (_vector_spacing << 0x5))), function at exception vector 43 too large)

.vector_44      0x9fc01780        0x8
 *(.vector_44)
 .vector_44     0x9fc01780        0x8 /opt/microchip/xc32/v1.43/bin/bin/../../lib/gcc/pic32mx/4.8.3/../../../../pic32mx/lib/libpic32.a(vector44.o)
                0x9fc01780                __vector_dispatch_44
                0x00000001                ASSERT (((_vector_spacing == 0x0) || (SIZEOF (.vector_44) <= (_vector_spacing << 0x5))), function at exception vector 44 too large)

.vector_45      0x9fc017a0        0x8
 *(.vector_45)
 .vector_45     0x9fc017a0        0x8 /opt/microchip/xc32/v1.43/bin/bin/../../lib/gcc/pic32mx/4.8.3/../../../../pic32mx/lib/libpic32.a(vector45.o)
                0x9fc017a0                __vector_dispatch_45
                0x00000001                ASSERT (((_vector_spacing == 0x0) || (SIZEOF (.vector_45) <= (_vector_spacing << 0x5))), function at exception vector 45 too large)

.vector_46      0x9fc017c0        0x8
 *(.vector_46)
 .vector_46     0x9fc017c0        0x8 /opt/microchip/xc32/v1.43/bin/bin/../../lib/gcc/pic32mx/4.8.3/../../../../pic32mx/lib/libpic32.a(vector46.o)
                0x9fc017c0                __vector_dispatch_46
                0x00000001                ASSERT (((_vector_spacing == 0x0) || (SIZEOF (.vector_46) <= (_vector_spacing << 0x5))), function at exception vector 46 too large)

.vector_47      0x9fc017e0        0x8
 *(.vector_47)
 .vector_47     0x9fc017e0        0x8 /opt/microchip/xc32/v1.43/bin/bin/../../lib/gcc/pic32mx/4.8.3/../../../../pic32mx/lib/libpic32.a(vector47.o)
                0x9fc017e0                __vector_dispatch_47
                0x00000001                ASSERT (((_vector_spacing == 0x0) || (SIZEOF (.vector_47) <= (_vector_spacing << 0x5))), function at exception vector 47 too large)

.vector_48      0x9fc01800        0x8
 *(.vector_48)
 .vector_48     0x9fc01800        0x8 build/DM30004-2/production/_ext/1280997252/system_interrupt.o
                0x9fc01800                __vector_dispatch_48
                0x00000001                ASSERT (((_vector_spacing == 0x0) || (SIZEOF (.vector_48) <= (_vector_spacing << 0x5))), function at exception vector 48 too large)

.vector_49      0x9fc01820        0x8
 *(.vector_49)
 .vector_49     0x9fc01820        0x8 /opt/microchip/xc32/v1.43/bin/bin/../../lib/gcc/pic32mx/4.8.3/../../../../pic32mx/lib/libpic32.a(vector49.o)
                0x9fc01820                __vector_dispatch_49
                0x00000001                ASSERT (((_vector_spacing == 0x0) || (SIZEOF (.vector_49) <= (_vector_spacing << 0x5))), function at exception vector 49 too large)

.vector_50      0x9fc01840        0x8
 *(.vector_50)
 .vector_50     0x9fc01840        0x8 /opt/microchip/xc32/v1.43/bin/bin/../../lib/gcc/pic32mx/4.8.3/../../../../pic32mx/lib/libpic32.a(vector50.o)
                0x9fc01840                __vector_dispatch_50
                0x00000001                ASSERT (((_vector_spacing == 0x0) || (SIZEOF (.vector_50) <= (_vector_spacing << 0x5))), function at exception vector 50 too large)

.vector_51      0x9fc01860        0x8
 *(.vector_51)
 .vector_51     0x9fc01860        0x8 /opt/microchip/xc32/v1.43/bin/bin/../../lib/gcc/pic32mx/4.8.3/../../../../pic32mx/lib/libpic32.a(vector51.o)
                0x9fc01860                __vector_dispatch_51
                0x00000001                ASSERT (((_vector_spacing == 0x0) || (SIZEOF (.vector_51) <= (_vector_spacing << 0x5))), function at exception vector 51 too large)

.vector_52      0x9fc01880        0x0
 *(.vector_52)
                0x00000001                ASSERT (((_vector_spacing == 0x0) || (SIZEOF (.vector_52) <= (_vector_spacing << 0x5))), function at exception vector 52 too large)

.vector_53      0x9fc018a0        0x0
 *(.vector_53)
                0x00000001                ASSERT (((_vector_spacing == 0x0) || (SIZEOF (.vector_53) <= (_vector_spacing << 0x5))), function at exception vector 53 too large)

.vector_54      0x9fc018c0        0x0
 *(.vector_54)
                0x00000001                ASSERT (((_vector_spacing == 0x0) || (SIZEOF (.vector_54) <= (_vector_spacing << 0x5))), function at exception vector 54 too large)

.vector_55      0x9fc018e0        0x0
 *(.vector_55)
                0x00000001                ASSERT (((_vector_spacing == 0x0) || (SIZEOF (.vector_55) <= (_vector_spacing << 0x5))), function at exception vector 55 too large)

.vector_56      0x9fc01900        0x0
 *(.vector_56)
                0x00000001                ASSERT (((_vector_spacing == 0x0) || (SIZEOF (.vector_56) <= (_vector_spacing << 0x5))), function at exception vector 56 too large)

.vector_57      0x9fc01920        0x0
 *(.vector_57)
                0x00000001                ASSERT (((_vector_spacing == 0x0) || (SIZEOF (.vector_57) <= (_vector_spacing << 0x5))), function at exception vector 57 too large)

.vector_58      0x9fc01940        0x0
 *(.vector_58)
                0x00000001                ASSERT (((_vector_spacing == 0x0) || (SIZEOF (.vector_58) <= (_vector_spacing << 0x5))), function at exception vector 58 too large)

.vector_59      0x9fc01960        0x0
 *(.vector_59)
                0x00000001                ASSERT (((_vector_spacing == 0x0) || (SIZEOF (.vector_59) <= (_vector_spacing << 0x5))), function at exception vector 59 too large)

.vector_60      0x9fc01980        0x0
 *(.vector_60)
                0x00000001                ASSERT (((_vector_spacing == 0x0) || (SIZEOF (.vector_60) <= (_vector_spacing << 0x5))), function at exception vector 60 too large)

.vector_61      0x9fc019a0        0x0
 *(.vector_61)
                0x00000001                ASSERT (((_vector_spacing == 0x0) || (SIZEOF (.vector_61) <= (_vector_spacing << 0x5))), function at exception vector 61 too large)

.vector_62      0x9fc019c0        0x0
 *(.vector_62)
                0x00000001                ASSERT (((_vector_spacing == 0x0) || (SIZEOF (.vector_62) <= (_vector_spacing << 0x5))), function at exception vector 62 too large)

.vector_63      0x9fc019e0        0x0
 *(.vector_63)
                0x00000001                ASSERT (((_vector_spacing == 0x0) || (SIZEOF (.vector_63) <= (_vector_spacing << 0x5))), function at exception vector 63 too large)

.startup
 *(.startup)

.text           0x9d000000        0x0
 *(.stub .gnu.linkonce.t.*)
 *(.text.*personality*)
 *(.mips16.fn.*)
 *(.mips16.call.*)
 *(.gnu.warning)
                0x9d000000                . = ALIGN (0x4)

.init           0x9d000000        0x0
 *crti.o(.init)
 *crtbegin.o(.init)
 *(EXCLUDE_FILE(*crtn.o *crtend?.o *crtend.o) .init)
 *crtend.o(.init)
 *crtn.o(.init)
                0x9d000000                . = ALIGN (0x4)

.fini           0x9d000000        0x0
 *(.fini)
                0x9d000000                . = ALIGN (0x4)

.preinit_array  0x9d000000        0x0
                0x9d000000                PROVIDE (__preinit_array_start, .)
 *(.preinit_array)
                0x9d000000                PROVIDE (__preinit_array_end, .)
                0x9d000000                . = ALIGN (0x4)

.init_array     0x9d000000        0x0
                0x9d000000                PROVIDE (__init_array_start, .)
 *(SORT(.init_array.*))
 *(.init_array)
                0x9d000000                PROVIDE (__init_array_end, .)
                0x9d000000                . = ALIGN (0x4)

.fini_array     0x9d000000        0x0
                0x9d000000                PROVIDE (__fini_array_start, .)
 *(SORT(.fini_array.*))
 *(.fini_array)
                0x9d000000                PROVIDE (__fini_array_end, .)
                0x9d000000                . = ALIGN (0x4)

.ctors          0x9d000000        0x0
 *crtbegin.o(.ctors)
 *crtbegin?.o(.ctors)
 *(EXCLUDE_FILE(*crtend?.o *crtend.o) .ctors)
 *(SORT(.ctors.*))
 *(.ctors)
                0x9d000000                . = ALIGN (0x4)

.dtors          0x9d000000        0x0
 *crtbegin.o(.dtors)
 *crtbegin?.o(.dtors)
 *(EXCLUDE_FILE(*crtend?.o *crtend.o) .dtors)
 *(SORT(.dtors.*))
 *(.dtors)
                0x9d000000                . = ALIGN (0x4)

.rodata         0x9d000000        0x0
 *(.gnu.linkonce.r.*)
 *(.rodata1)
                0x9d000000                . = ALIGN (0x4)

.sdata2         0x9fc00490        0x0
 *(.sdata2 .sdata2.* .gnu.linkonce.s2.*)
                0x9fc00490                . = ALIGN (0x4)

.sbss2          0x9fc00490        0x0
 *(.sbss2 .sbss2.* .gnu.linkonce.sb2.*)
                0x9fc00490                . = ALIGN (0x4)

.eh_frame_hdr
 *(.eh_frame_hdr)
                0x9fc00490                . = ALIGN (0x4)

.eh_frame
 *(.eh_frame)
                0x9fc00490                . = ALIGN (0x4)

.gcc_except_table
 *(.gcc_except_table .gcc_except_table.*)
                0x9fc00490                . = ALIGN (0x4)

.dbg_data       0xa0000000        0x0
                0xa0000000                . = (. + DEFINED (_DEBUGGER)?0x200:0x0)

.jcr            0xa0000000        0x0
 *(.jcr)
                0xa0000000                . = ALIGN (0x4)

.eh_frame
 *(.eh_frame)
                0xa0000000                . = ALIGN (0x4)

.gcc_except_table
 *(.gcc_except_table .gcc_except_table.*)
                0xa0000000                . = ALIGN (0x4)

.persist        0xa0000000        0x0
                0xa0000000                _persist_begin = .
 *(.persist .persist.*)
 *(.pbss .pbss.*)
                0xa0000000                . = ALIGN (0x4)
                0xa0000000                _persist_end = .

.data           0xa0000000        0x0
 *(.gnu.linkonce.d.*)
 *(.data1)
                0xa0000000                . = ALIGN (0x4)
                0xa0000000                . = .
                0xa0007ff0                _gp = (ALIGN (0x10) + 0x7ff0)

.got            0xa0000000        0x0
 *(.got.plt)
 *(.got)
                0xa0000000                . = ALIGN (0x4)

.sdata          0xa0000000       0x70
                0xa0000000                _sdata_begin = .
 *(.sdata .sdata.* .gnu.linkonce.s.*)
 .sdata         0xa0000000        0x8 build/DM30004-2/production/_ext/1360937237/app.o
                0xa0000000                server_id_end
                0xa0000004                idSuffix
 .sdata         0xa0000008        0x4 build/DM30004-2/production/_ext/1360937237/stream_echo.o
                0xa0000008                echoString
 .sdata         0xa000000c       0x50 build/DM30004-2/production/_ext/458569783/asn.o
                0xa000000c                END_PUB_KEY
                0xa0000010                BEGIN_PUB_KEY
                0xa0000014                END_DSA_PRIV
                0xa0000018                BEGIN_DSA_PRIV
                0xa000001c                END_EC_PRIV
                0xa0000020                BEGIN_EC_PRIV
                0xa0000024                END_ENC_PRIV_KEY
                0xa0000028                BEGIN_ENC_PRIV_KEY
                0xa000002c                END_PRIV_KEY
                0xa0000030                BEGIN_PRIV_KEY
                0xa0000034                END_RSA_PRIV
                0xa0000038                BEGIN_RSA_PRIV
                0xa000003c                END_X509_CRL
                0xa0000040                BEGIN_X509_CRL
                0xa0000044                END_DH_PARAM
                0xa0000048                BEGIN_DH_PARAM
                0xa000004c                END_CERT_REQ
                0xa0000050                BEGIN_CERT_REQ
                0xa0000054                END_CERT
                0xa0000058                BEGIN_CERT
 .sdata         0xa000005c        0x8 build/DM30004-2/production/_ext/1899562614/arp.o
 .sdata         0xa0000064        0x4 build/DM30004-2/production/_ext/1899562614/tcpip_manager.o
 .sdata         0xa0000068        0x2 build/DM30004-2/production/_ext/1442095083/unabto_common_main.o
                0xa0000068                nabtoCommunicationBufferSize
 *fill*         0xa000006a        0x2 
 .sdata         0xa000006c        0x4 /opt/microchip/xc32/v1.43/bin/bin/../../lib/gcc/pic32mx/4.8.3/../../../../pic32mx/lib/libpic32.a(xc32_uart.o)
                0xa000006c                __XC_UART
                0xa0000070                . = ALIGN (0x4)
                0xa0000070                _sdata_end = .

.lit8
 *(.lit8)

.lit4
 *(.lit4)
                0xa0000070                . = ALIGN (0x4)
                0xa0000070                _data_end = .
                0xa0000070                _bss_begin = .

.sbss           0xa0000070       0xd0
                0xa0000070                _sbss_begin = .
 *(.dynsbss)
 *(.sbss .sbss.* .gnu.linkonce.sb.*)
 .sbss          0xa0000070        0xc build/DM30004-2/production/_ext/1280997252/system_exceptions.o
 .sbss          0xa000007c        0xc build/DM30004-2/production/_ext/458569783/memory.o
 .sbss          0xa0000088        0x4 build/DM30004-2/production/_ext/854379441/drv_ethmac.o
 .sbss          0xa000008c        0x4 build/DM30004-2/production/_ext/2027566358/drv_tmr.o
 .sbss          0xa0000090       0x1c build/DM30004-2/production/_ext/1899562614/ipv4.o
                0xa0000090                _IPv4StayAssertLoop
 .sbss          0xa00000ac       0x1c build/DM30004-2/production/_ext/1899562614/udp.o
 .sbss          0xa00000c8       0x20 build/DM30004-2/production/_ext/1899562614/dhcp.o
 .sbss          0xa00000e8       0x10 build/DM30004-2/production/_ext/1899562614/dns.o
                0xa00000e8                _DNSStayCondLoop
                0xa00000ec                _DNSStayAssertLoop
 .sbss          0xa00000f8       0x24 build/DM30004-2/production/_ext/1899562614/tcpip_manager.o
 .sbss          0xa000011c        0x8 build/DM30004-2/production/_ext/1899562614/tcpip_packet.o
 .sbss          0xa0000124        0x4 build/DM30004-2/production/_ext/1442095083/unabto_connection.o
                0xa0000126                connection_timeout_cache_cached
 .sbss          0xa0000128        0x4 build/DM30004-2/production/_ext/1442095083/unabto_stream_window.o
 .sbss          0xa000012c        0x1 build/DM30004-2/production/_ext/2107900007/unabto_udp_debug.o
 *(.scommon)
 *fill*         0xa000012d        0x3 
 .scommon       0xa0000130        0x4 build/DM30004-2/production/_ext/1360937237/app.o
                0xa0000130                appData
 .scommon       0xa0000134        0x8 build/DM30004-2/production/_ext/1322803601/sys_devcon.o
                0xa0000134                sysDevconObj
 .scommon       0xa000013c        0x4 build/DM30004-2/production/_ext/1442095083/unabto_connection.o
                0xa000013c                connection_timeout_cache_stamp
                0xa0000140                _sbss_end = .
                0xa0000140                . = ALIGN (0x4)

.bss            0xa0000140     0xdb48
 *(.dynbss)
 *(COMMON)
 COMMON         0xa0000140       0x10 build/DM30004-2/production/_ext/1280997252/system_init.o
                0xa0000140                sysObj
 COMMON         0xa0000150       0x40 build/DM30004-2/production/_ext/1360937237/app.o
                0xa0000150                idBuffer
 COMMON         0xa0000190       0x10 build/DM30004-2/production/_ext/1360937237/stream_echo.o
                0xa0000190                echo_streams
 COMMON         0xa00001a0       0x60 build/DM30004-2/production/_ext/2030533247/drv_ethphy.o
                0xa00001a0                gDrvETHPHYClientObj
                0xa00001d8                gDrvETHPHYObj
 COMMON         0xa0000200      0x108 build/DM30004-2/production/_ext/1310142747/sys_random.o
                0xa0000200                sysRandCtx
 COMMON         0xa0000308      0x708 build/DM30004-2/production/_ext/1442095083/unabto_common_main.o
                0xa0000308                cryptoContextAttach
                0xa000037c                cryptoContextConnection
                0xa00003f0                nabtoCommunicationBuffer
                0xa0000948                nmc
 COMMON         0xa0000a10      0xa00 build/DM30004-2/production/_ext/1442095083/unabto_connection.o
                0xa0000a10                connections
 COMMON         0xa0001410     0xc878 build/DM30004-2/production/_ext/1442095083/unabto_stream_environment.o
                0xa0001410                x_buffers
                0xa0001640                r_buffers
                0xa0001730                x_buffer_data
                0xa000789c                stream__
                0xa0007b1c                r_buffer_data
                0xa000dc88                . = ALIGN ((. != 0x0)?0x4:0x1)
                0xa000dc88                . = ALIGN (0x4)
                0xa000dc88                _end = .
                0xa000dc88                _bss_end = .
                0x00020000                _bmxdudba_address = 0x20000
                0x00020000                _bmxdupba_address = 0x20000

/DISCARD/
 *(.pdr)
 *(.rel.dyn)
 *(.note.GNU-stack)
 *(.note.GNU-stack)
 *(.gnu_debuglink)
 *(.gnu.lto_*)
 *(.discard)

.gptab.sdata
 *(.gptab.data)
 *(.gptab.sdata)

.gptab.sbss
 *(.gptab.bss)
 *(.gptab.sbss)

.mdebug.abi32   0xa000dc88        0x0
 *(.mdebug.abi32)
 .mdebug.abi32  0xa000dc88        0x0 build/DM30004-2/production/_ext/2025569787/sys_clk_static.o
 .mdebug.abi32  0xa000dc88        0x0 build/DM30004-2/production/_ext/540202005/sys_ports_static.o
 .mdebug.abi32  0xa000dc88        0x0 build/DM30004-2/production/_ext/1280997252/system_init.o
 .mdebug.abi32  0xa000dc88        0x0 build/DM30004-2/production/_ext/1280997252/system_interrupt.o
 .mdebug.abi32  0xa000dc88        0x0 build/DM30004-2/production/_ext/1280997252/system_exceptions.o
 .mdebug.abi32  0xa000dc88        0x0 build/DM30004-2/production/_ext/1280997252/system_tasks.o
 .mdebug.abi32  0xa000dc88        0x0 build/DM30004-2/production/_ext/1360937237/app.o
 .mdebug.abi32  0xa000dc88        0x0 build/DM30004-2/production/_ext/1360937237/main.o
 .mdebug.abi32  0xa000dc88        0x0 build/DM30004-2/production/_ext/1360937237/stream_echo.o
 .mdebug.abi32  0xa000dc88        0x0 build/DM30004-2/production/_ext/632331575/bsp_sys_init.o
 .mdebug.abi32  0xa000dc88        0x0 build/DM30004-2/production/_ext/134845378/adler32.o
 .mdebug.abi32  0xa000dc88        0x0 build/DM30004-2/production/_ext/134845378/compress.o
 .mdebug.abi32  0xa000dc88        0x0 build/DM30004-2/production/_ext/134845378/crc32.o
 .mdebug.abi32  0xa000dc88        0x0 build/DM30004-2/production/_ext/134845378/deflate.o
 .mdebug.abi32  0xa000dc88        0x0 build/DM30004-2/production/_ext/134845378/infback.o
 .mdebug.abi32  0xa000dc88        0x0 build/DM30004-2/production/_ext/134845378/inffast.o
 .mdebug.abi32  0xa000dc88        0x0 build/DM30004-2/production/_ext/134845378/inflate.o
 .mdebug.abi32  0xa000dc88        0x0 build/DM30004-2/production/_ext/134845378/inftrees.o
 .mdebug.abi32  0xa000dc88        0x0 build/DM30004-2/production/_ext/134845378/trees.o
 .mdebug.abi32  0xa000dc88        0x0 build/DM30004-2/production/_ext/134845378/uncompr.o
 .mdebug.abi32  0xa000dc88        0x0 build/DM30004-2/production/_ext/134845378/zutil.o
 .mdebug.abi32  0xa000dc88        0x0 build/DM30004-2/production/_ext/458569783/ecc.o
 .mdebug.abi32  0xa000dc88        0x0 build/DM30004-2/production/_ext/458569783/arc4.o
 .mdebug.abi32  0xa000dc88        0x0 build/DM30004-2/production/_ext/458569783/pwdbased.o
 .mdebug.abi32  0xa000dc88        0x0 build/DM30004-2/production/_ext/458569783/tfm.o
 .mdebug.abi32  0xa000dc88        0x0 build/DM30004-2/production/_ext/458569783/asn.o
 .mdebug.abi32  0xa000dc88        0x0 build/DM30004-2/production/_ext/458569783/des3.o
 .mdebug.abi32  0xa000dc88        0x0 build/DM30004-2/production/_ext/458569783/rsa.o
 .mdebug.abi32  0xa000dc88        0x0 build/DM30004-2/production/_ext/458569783/aes.o
 .mdebug.abi32  0xa000dc88        0x0 build/DM30004-2/production/_ext/458569783/md5.o
 .mdebug.abi32  0xa000dc88        0x0 build/DM30004-2/production/_ext/458569783/sha.o
 .mdebug.abi32  0xa000dc88        0x0 build/DM30004-2/production/_ext/458569783/sha256.o
 .mdebug.abi32  0xa000dc88        0x0 build/DM30004-2/production/_ext/458569783/sha512.o
 .mdebug.abi32  0xa000dc88        0x0 build/DM30004-2/production/_ext/458569783/hmac.o
 .mdebug.abi32  0xa000dc88        0x0 build/DM30004-2/production/_ext/458569783/hash.o
 .mdebug.abi32  0xa000dc88        0x0 build/DM30004-2/production/_ext/458569783/compress.o
 .mdebug.abi32  0xa000dc88        0x0 build/DM30004-2/production/_ext/458569783/random.o
 .mdebug.abi32  0xa000dc88        0x0 build/DM30004-2/production/_ext/458569783/crypto.o
 .mdebug.abi32  0xa000dc88        0x0 build/DM30004-2/production/_ext/458569783/coding.o
 .mdebug.abi32  0xa000dc88        0x0 build/DM30004-2/production/_ext/458569783/error.o
 .mdebug.abi32  0xa000dc88        0x0 build/DM30004-2/production/_ext/458569783/integer.o
 .mdebug.abi32  0xa000dc88        0x0 build/DM30004-2/production/_ext/458569783/logging.o
 .mdebug.abi32  0xa000dc88        0x0 build/DM30004-2/production/_ext/458569783/memory.o
 .mdebug.abi32  0xa000dc88        0x0 build/DM30004-2/production/_ext/458569783/misc.o
 .mdebug.abi32  0xa000dc88        0x0 build/DM30004-2/production/_ext/458569783/port.o
 .mdebug.abi32  0xa000dc88        0x0 build/DM30004-2/production/_ext/854379441/drv_ethmac.o
 .mdebug.abi32  0xa000dc88        0x0 build/DM30004-2/production/_ext/854379441/drv_ethmac_lib.o
 .mdebug.abi32  0xa000dc88        0x0 build/DM30004-2/production/_ext/2030533247/drv_ethphy.o
 .mdebug.abi32  0xa000dc88        0x0 build/DM30004-2/production/_ext/2030533247/drv_extphy_smsc8740.o
 .mdebug.abi32  0xa000dc88        0x0 build/DM30004-2/production/_ext/2027566358/drv_tmr.o
 .mdebug.abi32  0xa000dc88        0x0 build/DM30004-2/production/_ext/1322803601/sys_devcon.o
 .mdebug.abi32  0xa000dc88        0x0 build/DM30004-2/production/_ext/1322803601/sys_devcon_pic32mx.o
 .mdebug.abi32  0xa000dc88        0x0 build/DM30004-2/production/_ext/1204230505/sys_int_pic32.o
 .mdebug.abi32  0xa000dc88        0x0 build/DM30004-2/production/_ext/1310142747/sys_random.o
 .mdebug.abi32  0xa000dc88        0x0 build/DM30004-2/production/_ext/62100799/sys_tmr.o
 .mdebug.abi32  0xa000dc88        0x0 build/DM30004-2/production/_ext/804969968/helpers.o
 .mdebug.abi32  0xa000dc88        0x0 build/DM30004-2/production/_ext/1899562614/ipv4.o
 .mdebug.abi32  0xa000dc88        0x0 build/DM30004-2/production/_ext/1899562614/udp.o
 .mdebug.abi32  0xa000dc88        0x0 build/DM30004-2/production/_ext/1899562614/tcpip_heap_alloc.o
 .mdebug.abi32  0xa000dc88        0x0 build/DM30004-2/production/_ext/1899562614/tcpip_heap_internal.o
 .mdebug.abi32  0xa000dc88        0x0 build/DM30004-2/production/_ext/1899562614/arp.o
 .mdebug.abi32  0xa000dc88        0x0 build/DM30004-2/production/_ext/1899562614/dhcp.o
 .mdebug.abi32  0xa000dc88        0x0 build/DM30004-2/production/_ext/1899562614/dns.o
 .mdebug.abi32  0xa000dc88        0x0 build/DM30004-2/production/_ext/1899562614/hash_fnv.o
 .mdebug.abi32  0xa000dc88        0x0 build/DM30004-2/production/_ext/1899562614/oahash.o
 .mdebug.abi32  0xa000dc88        0x0 build/DM30004-2/production/_ext/1899562614/tcpip_helpers.o
 .mdebug.abi32  0xa000dc88        0x0 build/DM30004-2/production/_ext/1899562614/tcpip_manager.o
 .mdebug.abi32  0xa000dc88        0x0 build/DM30004-2/production/_ext/1899562614/tcpip_notify.o
 .mdebug.abi32  0xa000dc88        0x0 build/DM30004-2/production/_ext/1899562614/tcpip_packet.o
 .mdebug.abi32  0xa000dc88        0x0 build/DM30004-2/production/_ext/1442095083/unabto_aes128_sha256.o
 .mdebug.abi32  0xa000dc88        0x0 build/DM30004-2/production/_ext/1442095083/unabto_app_adapter.o
 .mdebug.abi32  0xa000dc88        0x0 build/DM30004-2/production/_ext/1442095083/unabto_attach.o
 .mdebug.abi32  0xa000dc88        0x0 build/DM30004-2/production/_ext/1442095083/unabto_buffers.o
 .mdebug.abi32  0xa000dc88        0x0 build/DM30004-2/production/_ext/1442095083/unabto_common_main.o
 .mdebug.abi32  0xa000dc88        0x0 build/DM30004-2/production/_ext/1442095083/unabto_connection.o
 .mdebug.abi32  0xa000dc88        0x0 build/DM30004-2/production/_ext/1442095083/unabto_context.o
 .mdebug.abi32  0xa000dc88        0x0 build/DM30004-2/production/_ext/1442095083/unabto_crypto.o
 .mdebug.abi32  0xa000dc88        0x0 build/DM30004-2/production/_ext/1442095083/unabto_debug_packet.o
 .mdebug.abi32  0xa000dc88        0x0 build/DM30004-2/production/_ext/1442095083/unabto_extended_rendezvous.o
 .mdebug.abi32  0xa000dc88        0x0 build/DM30004-2/production/_ext/1442095083/unabto_memory.o
 .mdebug.abi32  0xa000dc88        0x0 build/DM30004-2/production/_ext/1442095083/unabto_message.o
 .mdebug.abi32  0xa000dc88        0x0 build/DM30004-2/production/_ext/1442095083/unabto_next_event.o
 .mdebug.abi32  0xa000dc88        0x0 build/DM30004-2/production/_ext/1442095083/unabto_packet.o
 .mdebug.abi32  0xa000dc88        0x0 build/DM30004-2/production/_ext/1442095083/unabto_packet_util.o
 .mdebug.abi32  0xa000dc88        0x0 build/DM30004-2/production/_ext/1442095083/unabto_prf.o
 .mdebug.abi32  0xa000dc88        0x0 build/DM30004-2/production/_ext/1442095083/unabto_query_rw.o
 .mdebug.abi32  0xa000dc88        0x0 build/DM30004-2/production/_ext/1442095083/unabto_stream.o
 .mdebug.abi32  0xa000dc88        0x0 build/DM30004-2/production/_ext/1442095083/unabto_stream_environment.o
 .mdebug.abi32  0xa000dc88        0x0 build/DM30004-2/production/_ext/1442095083/unabto_stream_event.o
 .mdebug.abi32  0xa000dc88        0x0 build/DM30004-2/production/_ext/1442095083/unabto_stream_window.o
 .mdebug.abi32  0xa000dc88        0x0 build/DM30004-2/production/_ext/1442095083/unabto_tcp_fallback.o
 .mdebug.abi32  0xa000dc88        0x0 build/DM30004-2/production/_ext/2107900007/unabto_harmony_crypto.o
 .mdebug.abi32  0xa000dc88        0x0 build/DM30004-2/production/_ext/2107900007/unabto_harmony_dns.o
 .mdebug.abi32  0xa000dc88        0x0 build/DM30004-2/production/_ext/2107900007/unabto_harmony_network.o
 .mdebug.abi32  0xa000dc88        0x0 build/DM30004-2/production/_ext/2107900007/unabto_harmony_random.o
 .mdebug.abi32  0xa000dc88        0x0 build/DM30004-2/production/_ext/2107900007/unabto_harmony_time.o
 .mdebug.abi32  0xa000dc88        0x0 build/DM30004-2/production/_ext/2107900007/unabto_udp_debug.o
 .mdebug.abi32  0xa000dc88        0x0 ../../../../../microchip/harmony/v1_11/bin/framework/peripheral/PIC32MX795F512L_peripherals.a(plib_eth_lib.o)
 .mdebug.abi32  0xa000dc88        0x0 /opt/microchip/xc32/v1.43/bin/bin/../../lib/gcc/pic32mx/4.8.3/libgcc.a(_divdi3.o)
 .mdebug.abi32  0xa000dc88        0x0 /opt/microchip/xc32/v1.43/bin/bin/../../lib/gcc/pic32mx/4.8.3/libgcc.a(_udivdi3.o)
 .mdebug.abi32  0xa000dc88        0x0 /opt/microchip/xc32/v1.43/bin/bin/../../lib/gcc/pic32mx/4.8.3/libgcc.a(floatunsisf.o)
 .mdebug.abi32  0xa000dc88        0x0 /opt/microchip/xc32/v1.43/bin/bin/../../lib/gcc/pic32mx/4.8.3/../../../../pic32mx/lib/libpic32.a(default-bootstrap-exception-handler.o)
 .mdebug.abi32  0xa000dc88        0x0 /opt/microchip/xc32/v1.43/bin/bin/../../lib/gcc/pic32mx/4.8.3/../../../../pic32mx/lib/libpic32.a(default-on-reset.o)
 .mdebug.abi32  0xa000dc88        0x0 /opt/microchip/xc32/v1.43/bin/bin/../../lib/gcc/pic32mx/4.8.3/../../../../pic32mx/lib/libpic32.a(default-on-bootstrap.o)
 .mdebug.abi32  0xa000dc88        0x0 /opt/microchip/xc32/v1.43/bin/bin/../../lib/gcc/pic32mx/4.8.3/../../../../pic32mx/lib/libpic32.a(defaultinterrupt.o)
 .mdebug.abi32  0xa000dc88        0x0 /opt/microchip/xc32/v1.43/bin/bin/../../lib/gcc/pic32mx/4.8.3/../../../../pic32mx/lib/libc.a(calloc.o)
 .mdebug.abi32  0xa000dc88        0x0 /opt/microchip/xc32/v1.43/bin/bin/../../lib/gcc/pic32mx/4.8.3/../../../../pic32mx/lib/libc.a(ctime.o)
 .mdebug.abi32  0xa000dc88        0x0 /opt/microchip/xc32/v1.43/bin/bin/../../lib/gcc/pic32mx/4.8.3/../../../../pic32mx/lib/libc.a(ctype.o)
 .mdebug.abi32  0xa000dc88        0x0 /opt/microchip/xc32/v1.43/bin/bin/../../lib/gcc/pic32mx/4.8.3/../../../../pic32mx/lib/libc.a(ctypef.o)
 .mdebug.abi32  0xa000dc88        0x0 /opt/microchip/xc32/v1.43/bin/bin/../../lib/gcc/pic32mx/4.8.3/../../../../pic32mx/lib/libc.a(malloc.o)
 .mdebug.abi32  0xa000dc88        0x0 /opt/microchip/xc32/v1.43/bin/bin/../../lib/gcc/pic32mx/4.8.3/../../../../pic32mx/lib/libc.a(memmove.o)
 .mdebug.abi32  0xa000dc88        0x0 /opt/microchip/xc32/v1.43/bin/bin/../../lib/gcc/pic32mx/4.8.3/../../../../pic32mx/lib/libc.a(rand.o)
 .mdebug.abi32  0xa000dc88        0x0 /opt/microchip/xc32/v1.43/bin/bin/../../lib/gcc/pic32mx/4.8.3/../../../../pic32mx/lib/libc.a(strncmp.o)
 .mdebug.abi32  0xa000dc88        0x0 /opt/microchip/xc32/v1.43/bin/bin/../../lib/gcc/pic32mx/4.8.3/../../../../pic32mx/lib/libc.a(strncpy.o)
 .mdebug.abi32  0xa000dc88        0x0 /opt/microchip/xc32/v1.43/bin/bin/../../lib/gcc/pic32mx/4.8.3/../../../../pic32mx/lib/libc.a(strtol.o)
 .mdebug.abi32  0xa000dc88        0x0 /opt/microchip/xc32/v1.43/bin/bin/../../lib/gcc/pic32mx/4.8.3/../../../../pic32mx/lib/libc.a(time.o)
 .mdebug.abi32  0xa000dc88        0x0 /opt/microchip/xc32/v1.43/bin/bin/../../lib/gcc/pic32mx/4.8.3/../../../../pic32mx/lib/libc.a(exit.o)
 .mdebug.abi32  0xa000dc88        0x0 /opt/microchip/xc32/v1.43/bin/bin/../../lib/gcc/pic32mx/4.8.3/../../../../pic32mx/lib/libc.a(stdclean_simple.o)
 .mdebug.abi32  0xa000dc88        0x0 /opt/microchip/xc32/v1.43/bin/bin/../../lib/gcc/pic32mx/4.8.3/../../../../pic32mx/lib/libc.a(sprintf_cdnopsuxX.eo)
 .mdebug.abi32  0xa000dc88        0x0 /opt/microchip/xc32/v1.43/bin/bin/../../lib/gcc/pic32mx/4.8.3/../../../../pic32mx/lib/libc.a(vsnprintf.o)
 .mdebug.abi32  0xa000dc88        0x0 /opt/microchip/xc32/v1.43/bin/bin/../../lib/gcc/pic32mx/4.8.3/../../../../pic32mx/lib/libc.a(errno.o)
 .mdebug.abi32  0xa000dc88        0x0 /opt/microchip/xc32/v1.43/bin/bin/../../lib/gcc/pic32mx/4.8.3/../../../../pic32mx/lib/libc.a(doprnt_cdnopsuxX.eo)
 .mdebug.abi32  0xa000dc88        0x0 /opt/microchip/xc32/v1.43/bin/bin/../../lib/gcc/pic32mx/4.8.3/../../../../pic32mx/lib/libc.a(doprnt.o)
 .mdebug.abi32  0xa000dc88        0x0 /opt/microchip/xc32/v1.43/bin/bin/../../lib/gcc/pic32mx/4.8.3/../../../../pic32mx/lib/libc.a(_fputc_simple.o)
 .mdebug.abi32  0xa000dc88        0x0 /opt/microchip/xc32/v1.43/bin/bin/../../lib/gcc/pic32mx/4.8.3/../../../../pic32mx/lib/libc.a(ldpowers.o)
 .mdebug.abi32  0xa000dc88        0x0 /opt/microchip/xc32/v1.43/bin/bin/../../lib/gcc/pic32mx/4.8.3/../../../../pic32mx/lib/libc.a(_iob.o)
 .mdebug.abi32  0xa000dc88        0x0 /opt/microchip/xc32/v1.43/bin/bin/../../lib/gcc/pic32mx/4.8.3/../../../../pic32mx/lib/libc.a(_flsbuf_simple.o)
 .mdebug.abi32  0xa000dc88        0x0 /opt/microchip/xc32/v1.43/bin/bin/../../lib/gcc/pic32mx/4.8.3/../../../../pic32mx/lib/libe.a(_fixunsdfdi.o)
 .mdebug.abi32  0xa000dc88        0x0 /opt/microchip/xc32/v1.43/bin/bin/../../lib/gcc/pic32mx/4.8.3/../../../../pic32mx/lib/libe.a(_orderdf2.o)
 .mdebug.abi32  0xa000dc88        0x0 /opt/microchip/xc32/v1.43/bin/bin/../../lib/gcc/pic32mx/4.8.3/../../../../pic32mx/lib/libe.a(_fixdfdi.o)
 .mdebug.abi32  0xa000dc88        0x0 /opt/microchip/xc32/v1.43/bin/bin/../../lib/gcc/pic32mx/4.8.3/libgcc.a(_umoddi3.o)
 .mdebug.abi32  0xa000dc88        0x0 /opt/microchip/xc32/v1.43/bin/bin/../../lib/gcc/pic32mx/4.8.3/libgcc.a(floatunsidf.o)
 .mdebug.abi32  0xa000dc88        0x0 /opt/microchip/xc32/v1.43/bin/bin/../../lib/gcc/pic32mx/4.8.3/../../../../pic32mx/lib/libpic32.a(sbrk.o)
 .mdebug.abi32  0xa000dc88        0x0 /opt/microchip/xc32/v1.43/bin/bin/../../lib/gcc/pic32mx/4.8.3/../../../../pic32mx/lib/libpic32.a(write.o)
 .mdebug.abi32  0xa000dc88        0x0 /opt/microchip/xc32/v1.43/bin/bin/../../lib/gcc/pic32mx/4.8.3/../../../../pic32mx/lib/libpic32.a(_mon_putc.o)
 .mdebug.abi32  0xa000dc88        0x0 /opt/microchip/xc32/v1.43/bin/bin/../../lib/gcc/pic32mx/4.8.3/../../../../pic32mx/lib/libpic32.a(xc32_uart.o)

.mdebug.abiN32
 *(.mdebug.abiN32)

.mdebug.abi64
 *(.mdebug.abi64)

.mdebug.abiO64
 *(.mdebug.abiO64)

.mdebug.eabi32
 *(.mdebug.eabi32)

.mdebug.eabi64
 *(.mdebug.eabi64)

.gcc_compiled_long32
 *(.gcc_compiled_long32)

.gcc_compiled_long64
 *(.gcc_compiled_long64)

.stab
 *(.stab)

.stabstr
 *(.stabstr)

.stab.excl
 *(.stab.excl)

.stab.exclstr
 *(.stab.exclstr)

.stab.index
 *(.stab.index)

.stab.indexstr
 *(.stab.indexstr)

.comment        0x00000000      0x301
 *(.comment)
 .comment       0x00000000       0x3c build/DM30004-2/production/_ext/2025569787/sys_clk_static.o
                                 0x3d (size before relaxing)
 .comment       0x00000000       0x3d build/DM30004-2/production/_ext/540202005/sys_ports_static.o
 .comment       0x00000000       0x3d build/DM30004-2/production/_ext/1280997252/system_init.o
 .comment       0x00000000       0x3d build/DM30004-2/production/_ext/1280997252/system_interrupt.o
 .comment       0x00000000       0x3d build/DM30004-2/production/_ext/1280997252/system_exceptions.o
 .comment       0x00000000       0x3d build/DM30004-2/production/_ext/1280997252/system_tasks.o
 .comment       0x00000000       0x3d build/DM30004-2/production/_ext/1360937237/app.o
 .comment       0x00000000       0x3d build/DM30004-2/production/_ext/1360937237/main.o
 .comment       0x00000000       0x3d build/DM30004-2/production/_ext/1360937237/stream_echo.o
 .comment       0x00000000       0x3d build/DM30004-2/production/_ext/632331575/bsp_sys_init.o
 .comment       0x00000000       0x3d build/DM30004-2/production/_ext/134845378/adler32.o
 .comment       0x00000000       0x3d build/DM30004-2/production/_ext/134845378/compress.o
 .comment       0x00000000       0x3d build/DM30004-2/production/_ext/134845378/crc32.o
 .comment       0x00000000       0x3d build/DM30004-2/production/_ext/134845378/deflate.o
 .comment       0x00000000       0x3d build/DM30004-2/production/_ext/134845378/infback.o
 .comment       0x00000000       0x3d build/DM30004-2/production/_ext/134845378/inffast.o
 .comment       0x00000000       0x3d build/DM30004-2/production/_ext/134845378/inflate.o
 .comment       0x00000000       0x3d build/DM30004-2/production/_ext/134845378/inftrees.o
 .comment       0x00000000       0x3d build/DM30004-2/production/_ext/134845378/trees.o
 .comment       0x00000000       0x3d build/DM30004-2/production/_ext/134845378/uncompr.o
 .comment       0x00000000       0x3d build/DM30004-2/production/_ext/134845378/zutil.o
 .comment       0x00000000       0x3d build/DM30004-2/production/_ext/458569783/ecc.o
 .comment       0x00000000       0x3d build/DM30004-2/production/_ext/458569783/arc4.o
 .comment       0x00000000       0x3d build/DM30004-2/production/_ext/458569783/pwdbased.o
 .comment       0x00000000       0x3d build/DM30004-2/production/_ext/458569783/tfm.o
 .comment       0x00000000       0x3d build/DM30004-2/production/_ext/458569783/asn.o
 .comment       0x00000000       0x3d build/DM30004-2/production/_ext/458569783/des3.o
 .comment       0x00000000       0x3d build/DM30004-2/production/_ext/458569783/rsa.o
 .comment       0x00000000       0x3d build/DM30004-2/production/_ext/458569783/aes.o
 .comment       0x00000000       0x3d build/DM30004-2/production/_ext/458569783/md5.o
 .comment       0x00000000       0x3d build/DM30004-2/production/_ext/458569783/sha.o
 .comment       0x00000000       0x3d build/DM30004-2/production/_ext/458569783/sha256.o
 .comment       0x00000000       0x3d build/DM30004-2/production/_ext/458569783/sha512.o
 .comment       0x00000000       0x3d build/DM30004-2/production/_ext/458569783/hmac.o
 .comment       0x00000000       0x3d build/DM30004-2/production/_ext/458569783/hash.o
 .comment       0x00000000       0x3d build/DM30004-2/production/_ext/458569783/compress.o
 .comment       0x00000000       0x3d build/DM30004-2/production/_ext/458569783/random.o
 .comment       0x00000000       0x3d build/DM30004-2/production/_ext/458569783/crypto.o
 .comment       0x00000000       0x3d build/DM30004-2/production/_ext/458569783/coding.o
 .comment       0x00000000       0x3d build/DM30004-2/production/_ext/458569783/error.o
 .comment       0x00000000       0x3d build/DM30004-2/production/_ext/458569783/integer.o
 .comment       0x00000000       0x3d build/DM30004-2/production/_ext/458569783/logging.o
 .comment       0x00000000       0x3d build/DM30004-2/production/_ext/458569783/memory.o
 .comment       0x00000000       0x3d build/DM30004-2/production/_ext/458569783/misc.o
 .comment       0x00000000       0x3d build/DM30004-2/production/_ext/458569783/port.o
 .comment       0x00000000       0x3d build/DM30004-2/production/_ext/854379441/drv_ethmac.o
 .comment       0x00000000       0x3d build/DM30004-2/production/_ext/854379441/drv_ethmac_lib.o
 .comment       0x00000000       0x3d build/DM30004-2/production/_ext/2030533247/drv_ethphy.o
 .comment       0x00000000       0x3d build/DM30004-2/production/_ext/2030533247/drv_extphy_smsc8740.o
 .comment       0x00000000       0x3d build/DM30004-2/production/_ext/2027566358/drv_tmr.o
 .comment       0x00000000       0x3d build/DM30004-2/production/_ext/1322803601/sys_devcon.o
 .comment       0x00000000       0x3d build/DM30004-2/production/_ext/1322803601/sys_devcon_pic32mx.o
 .comment       0x00000000       0x3d build/DM30004-2/production/_ext/1204230505/sys_int_pic32.o
 .comment       0x00000000       0x3d build/DM30004-2/production/_ext/1310142747/sys_random.o
 .comment       0x00000000       0x3d build/DM30004-2/production/_ext/62100799/sys_tmr.o
 .comment       0x00000000       0x3d build/DM30004-2/production/_ext/804969968/helpers.o
 .comment       0x00000000       0x3d build/DM30004-2/production/_ext/1899562614/ipv4.o
 .comment       0x00000000       0x3d build/DM30004-2/production/_ext/1899562614/udp.o
 .comment       0x00000000       0x3d build/DM30004-2/production/_ext/1899562614/tcpip_heap_alloc.o
 .comment       0x00000000       0x3d build/DM30004-2/production/_ext/1899562614/tcpip_heap_internal.o
 .comment       0x00000000       0x3d build/DM30004-2/production/_ext/1899562614/arp.o
 .comment       0x00000000       0x3d build/DM30004-2/production/_ext/1899562614/dhcp.o
 .comment       0x00000000       0x3d build/DM30004-2/production/_ext/1899562614/dns.o
 .comment       0x00000000       0x3d build/DM30004-2/production/_ext/1899562614/hash_fnv.o
 .comment       0x00000000       0x3d build/DM30004-2/production/_ext/1899562614/oahash.o
 .comment       0x00000000       0x3d build/DM30004-2/production/_ext/1899562614/tcpip_helpers.o
 .comment       0x00000000       0x3d build/DM30004-2/production/_ext/1899562614/tcpip_manager.o
 .comment       0x00000000       0x3d build/DM30004-2/production/_ext/1899562614/tcpip_notify.o
 .comment       0x00000000       0x3d build/DM30004-2/production/_ext/1899562614/tcpip_packet.o
 .comment       0x00000000       0x3d build/DM30004-2/production/_ext/1442095083/unabto_aes128_sha256.o
 .comment       0x00000000       0x3d build/DM30004-2/production/_ext/1442095083/unabto_app_adapter.o
 .comment       0x00000000       0x3d build/DM30004-2/production/_ext/1442095083/unabto_attach.o
 .comment       0x00000000       0x3d build/DM30004-2/production/_ext/1442095083/unabto_buffers.o
 .comment       0x00000000       0x3d build/DM30004-2/production/_ext/1442095083/unabto_common_main.o
 .comment       0x00000000       0x3d build/DM30004-2/production/_ext/1442095083/unabto_connection.o
 .comment       0x00000000       0x3d build/DM30004-2/production/_ext/1442095083/unabto_context.o
 .comment       0x00000000       0x3d build/DM30004-2/production/_ext/1442095083/unabto_crypto.o
 .comment       0x00000000       0x3d build/DM30004-2/production/_ext/1442095083/unabto_debug_packet.o
 .comment       0x00000000       0x3d build/DM30004-2/production/_ext/1442095083/unabto_extended_rendezvous.o
 .comment       0x00000000       0x3d build/DM30004-2/production/_ext/1442095083/unabto_memory.o
 .comment       0x00000000       0x3d build/DM30004-2/production/_ext/1442095083/unabto_message.o
 .comment       0x00000000       0x3d build/DM30004-2/production/_ext/1442095083/unabto_next_event.o
 .comment       0x00000000       0x3d build/DM30004-2/production/_ext/1442095083/unabto_packet.o
 .comment       0x00000000       0x3d build/DM30004-2/production/_ext/1442095083/unabto_packet_util.o
 .comment       0x00000000       0x3d build/DM30004-2/production/_ext/1442095083/unabto_prf.o
 .comment       0x00000000       0x3d build/DM30004-2/production/_ext/1442095083/unabto_query_rw.o
 .comment       0x00000000       0x3d build/DM30004-2/production/_ext/1442095083/unabto_stream.o
 .comment       0x00000000       0x3d build/DM30004-2/production/_ext/1442095083/unabto_stream_environment.o
 .comment       0x00000000       0x3d build/DM30004-2/production/_ext/1442095083/unabto_stream_event.o
 .comment       0x00000000       0x3d build/DM30004-2/production/_ext/1442095083/unabto_stream_window.o
 .comment       0x00000000       0x3d build/DM30004-2/production/_ext/1442095083/unabto_tcp_fallback.o
 .comment       0x00000000       0x3d build/DM30004-2/production/_ext/2107900007/unabto_harmony_crypto.o
 .comment       0x00000000       0x3d build/DM30004-2/production/_ext/2107900007/unabto_harmony_dns.o
 .comment       0x00000000       0x3d build/DM30004-2/production/_ext/2107900007/unabto_harmony_network.o
 .comment       0x00000000       0x3d build/DM30004-2/production/_ext/2107900007/unabto_harmony_random.o
 .comment       0x00000000       0x3d build/DM30004-2/production/_ext/2107900007/unabto_harmony_time.o
 .comment       0x00000000       0x3d build/DM30004-2/production/_ext/2107900007/unabto_udp_debug.o
 .comment       0x0000003c       0x3c ../../../../../microchip/harmony/v1_11/bin/framework/peripheral/PIC32MX795F512L_peripherals.a(plib_eth_lib.o)
                                 0x3d (size before relaxing)
 .comment       0x00000000       0x3d /opt/microchip/xc32/v1.43/bin/bin/../../lib/gcc/pic32mx/4.8.3/libgcc.a(_divdi3.o)
 .comment       0x00000000       0x3d /opt/microchip/xc32/v1.43/bin/bin/../../lib/gcc/pic32mx/4.8.3/libgcc.a(_udivdi3.o)
 .comment       0x00000000       0x3d /opt/microchip/xc32/v1.43/bin/bin/../../lib/gcc/pic32mx/4.8.3/libgcc.a(floatunsisf.o)
 .comment       0x00000078       0x18 /opt/microchip/xc32/v1.43/bin/bin/../../lib/gcc/pic32mx/4.8.3/../../../../pic32mx/lib/libpic32.a(memcmp.o)
                                 0x19 (size before relaxing)
 .comment       0x00000090       0x18 /opt/microchip/xc32/v1.43/bin/bin/../../lib/gcc/pic32mx/4.8.3/../../../../pic32mx/lib/libpic32.a(memset.o)
                                 0x19 (size before relaxing)
 .comment       0x000000a8       0x19 /opt/microchip/xc32/v1.43/bin/bin/../../lib/gcc/pic32mx/4.8.3/../../../../pic32mx/lib/libpic32.a(strcmp.o)
                                 0x1a (size before relaxing)
 .comment       0x000000c1       0x19 /opt/microchip/xc32/v1.43/bin/bin/../../lib/gcc/pic32mx/4.8.3/../../../../pic32mx/lib/libpic32.a(strlen.o)
                                 0x1a (size before relaxing)
 .comment       0x00000000       0x3d /opt/microchip/xc32/v1.43/bin/bin/../../lib/gcc/pic32mx/4.8.3/../../../../pic32mx/lib/libpic32.a(default-bootstrap-exception-handler.o)
 .comment       0x00000000       0x3d /opt/microchip/xc32/v1.43/bin/bin/../../lib/gcc/pic32mx/4.8.3/../../../../pic32mx/lib/libpic32.a(default-on-reset.o)
 .comment       0x00000000       0x3d /opt/microchip/xc32/v1.43/bin/bin/../../lib/gcc/pic32mx/4.8.3/../../../../pic32mx/lib/libpic32.a(default-on-bootstrap.o)
 .comment       0x00000000       0x3d /opt/microchip/xc32/v1.43/bin/bin/../../lib/gcc/pic32mx/4.8.3/../../../../pic32mx/lib/libpic32.a(defaultinterrupt.o)
 .comment       0x00000000       0x3d /opt/microchip/xc32/v1.43/bin/bin/../../lib/gcc/pic32mx/4.8.3/../../../../pic32mx/lib/libc.a(calloc.o)
 .comment       0x00000000       0x3d /opt/microchip/xc32/v1.43/bin/bin/../../lib/gcc/pic32mx/4.8.3/../../../../pic32mx/lib/libc.a(ctime.o)
 .comment       0x000000da       0x4e /opt/microchip/xc32/v1.43/bin/bin/../../lib/gcc/pic32mx/4.8.3/../../../../pic32mx/lib/libc.a(ctype.o)
                                 0x8b (size before relaxing)
 .comment       0x00000128       0x4f /opt/microchip/xc32/v1.43/bin/bin/../../lib/gcc/pic32mx/4.8.3/../../../../pic32mx/lib/libc.a(ctypef.o)
                                 0x8c (size before relaxing)
 .comment       0x00000000       0x3d /opt/microchip/xc32/v1.43/bin/bin/../../lib/gcc/pic32mx/4.8.3/../../../../pic32mx/lib/libc.a(malloc.o)
 .comment       0x00000000       0x3d /opt/microchip/xc32/v1.43/bin/bin/../../lib/gcc/pic32mx/4.8.3/../../../../pic32mx/lib/libc.a(memmove.o)
 .comment       0x00000000       0x3d /opt/microchip/xc32/v1.43/bin/bin/../../lib/gcc/pic32mx/4.8.3/../../../../pic32mx/lib/libc.a(rand.o)
 .comment       0x00000000       0x3d /opt/microchip/xc32/v1.43/bin/bin/../../lib/gcc/pic32mx/4.8.3/../../../../pic32mx/lib/libc.a(strncmp.o)
 .comment       0x00000000       0x3d /opt/microchip/xc32/v1.43/bin/bin/../../lib/gcc/pic32mx/4.8.3/../../../../pic32mx/lib/libc.a(strncpy.o)
 .comment       0x00000000       0x3d /opt/microchip/xc32/v1.43/bin/bin/../../lib/gcc/pic32mx/4.8.3/../../../../pic32mx/lib/libc.a(strtol.o)
 .comment       0x00000000       0x3d /opt/microchip/xc32/v1.43/bin/bin/../../lib/gcc/pic32mx/4.8.3/../../../../pic32mx/lib/libc.a(time.o)
 .comment       0x00000000       0x3d /opt/microchip/xc32/v1.43/bin/bin/../../lib/gcc/pic32mx/4.8.3/../../../../pic32mx/lib/libc.a(exit.o)
 .comment       0x00000000       0x3d /opt/microchip/xc32/v1.43/bin/bin/../../lib/gcc/pic32mx/4.8.3/../../../../pic32mx/lib/libc.a(stdclean_simple.o)
 .comment       0x00000000       0x3d /opt/microchip/xc32/v1.43/bin/bin/../../lib/gcc/pic32mx/4.8.3/../../../../pic32mx/lib/libc.a(sprintf_cdnopsuxX.eo)
 .comment       0x00000000       0x3d /opt/microchip/xc32/v1.43/bin/bin/../../lib/gcc/pic32mx/4.8.3/../../../../pic32mx/lib/libc.a(vsnprintf.o)
 .comment       0x00000000       0x3d /opt/microchip/xc32/v1.43/bin/bin/../../lib/gcc/pic32mx/4.8.3/../../../../pic32mx/lib/libc.a(errno.o)
 .comment       0x00000000       0x3d /opt/microchip/xc32/v1.43/bin/bin/../../lib/gcc/pic32mx/4.8.3/../../../../pic32mx/lib/libc.a(doprnt_cdnopsuxX.eo)
 .comment       0x00000000       0x3d /opt/microchip/xc32/v1.43/bin/bin/../../lib/gcc/pic32mx/4.8.3/../../../../pic32mx/lib/libc.a(doprnt.o)
 .comment       0x00000000       0x3d /opt/microchip/xc32/v1.43/bin/bin/../../lib/gcc/pic32mx/4.8.3/../../../../pic32mx/lib/libc.a(_fputc_simple.o)
 .comment       0x00000000       0x3d /opt/microchip/xc32/v1.43/bin/bin/../../lib/gcc/pic32mx/4.8.3/../../../../pic32mx/lib/libc.a(ldpowers.o)
 .comment       0x00000000       0x3d /opt/microchip/xc32/v1.43/bin/bin/../../lib/gcc/pic32mx/4.8.3/../../../../pic32mx/lib/libc.a(_iob.o)
 .comment       0x00000000       0x3d /opt/microchip/xc32/v1.43/bin/bin/../../lib/gcc/pic32mx/4.8.3/../../../../pic32mx/lib/libc.a(_flsbuf_simple.o)
 .comment       0x00000177       0x9f /opt/microchip/xc32/v1.43/bin/bin/../../lib/gcc/pic32mx/4.8.3/../../../../pic32mx/lib/libe.a(_fixunsdfdi.o)
                                 0xdc (size before relaxing)
 .comment       0x00000216       0x50 /opt/microchip/xc32/v1.43/bin/bin/../../lib/gcc/pic32mx/4.8.3/../../../../pic32mx/lib/libe.a(_orderdf2.o)
                                 0xdb (size before relaxing)
 .comment       0x00000266       0x50 /opt/microchip/xc32/v1.43/bin/bin/../../lib/gcc/pic32mx/4.8.3/../../../../pic32mx/lib/libe.a(_fixdfdi.o)
                                 0xdb (size before relaxing)
 .comment       0x00000000       0x3d /opt/microchip/xc32/v1.43/bin/bin/../../lib/gcc/pic32mx/4.8.3/libgcc.a(_umoddi3.o)
 .comment       0x00000000       0x3d /opt/microchip/xc32/v1.43/bin/bin/../../lib/gcc/pic32mx/4.8.3/libgcc.a(floatunsidf.o)
 .comment       0x000002b6       0x4b /opt/microchip/xc32/v1.43/bin/bin/../../lib/gcc/pic32mx/4.8.3/../../../../pic32mx/lib/libpic32.a(sbrk.o)
                                 0x88 (size before relaxing)
 .comment       0x00000000       0x3d /opt/microchip/xc32/v1.43/bin/bin/../../lib/gcc/pic32mx/4.8.3/../../../../pic32mx/lib/libpic32.a(write.o)
 .comment       0x00000000       0x3d /opt/microchip/xc32/v1.43/bin/bin/../../lib/gcc/pic32mx/4.8.3/../../../../pic32mx/lib/libpic32.a(_mon_putc.o)
 .comment       0x00000000       0x3d /opt/microchip/xc32/v1.43/bin/bin/../../lib/gcc/pic32mx/4.8.3/../../../../pic32mx/lib/libpic32.a(xc32_uart.o)

.debug
 *(.debug)

.line
 *(.line)

.debug_srcinfo
 *(.debug_srcinfo)

.debug_sfnames
 *(.debug_sfnames)

.debug_aranges  0x00000000     0x3810
 *(.debug_aranges)
 .debug_aranges
                0x00000000       0x50 build/DM30004-2/production/_ext/2025569787/sys_clk_static.o
 .debug_aranges
                0x00000050      0x108 build/DM30004-2/production/_ext/540202005/sys_ports_static.o
 .debug_aranges
                0x00000158       0x28 build/DM30004-2/production/_ext/1280997252/system_init.o
 .debug_aranges
                0x00000180       0x30 build/DM30004-2/production/_ext/1280997252/system_interrupt.o
 .debug_aranges
                0x000001b0       0x20 build/DM30004-2/production/_ext/1280997252/system_exceptions.o
 .debug_aranges
                0x000001d0       0x20 build/DM30004-2/production/_ext/1280997252/system_tasks.o
 .debug_aranges
                0x000001f0       0x30 build/DM30004-2/production/_ext/1360937237/app.o
 .debug_aranges
                0x00000220       0x20 build/DM30004-2/production/_ext/1360937237/main.o
 .debug_aranges
                0x00000240       0x40 build/DM30004-2/production/_ext/1360937237/stream_echo.o
 .debug_aranges
                0x00000280       0x60 build/DM30004-2/production/_ext/632331575/bsp_sys_init.o
 .debug_aranges
                0x000002e0       0x38 build/DM30004-2/production/_ext/134845378/adler32.o
 .debug_aranges
                0x00000318       0x30 build/DM30004-2/production/_ext/134845378/compress.o
 .debug_aranges
                0x00000348       0x50 build/DM30004-2/production/_ext/134845378/crc32.o
 .debug_aranges
                0x00000398       0xc0 build/DM30004-2/production/_ext/134845378/deflate.o
 .debug_aranges
                0x00000458       0x30 build/DM30004-2/production/_ext/134845378/infback.o
 .debug_aranges
                0x00000488       0x20 build/DM30004-2/production/_ext/134845378/inffast.o
 .debug_aranges
                0x000004a8       0xa0 build/DM30004-2/production/_ext/134845378/inflate.o
 .debug_aranges
                0x00000548       0x20 build/DM30004-2/production/_ext/134845378/inftrees.o
 .debug_aranges
                0x00000568       0x88 build/DM30004-2/production/_ext/134845378/trees.o
 .debug_aranges
                0x000005f0       0x20 build/DM30004-2/production/_ext/134845378/uncompr.o
 .debug_aranges
                0x00000610       0x40 build/DM30004-2/production/_ext/134845378/zutil.o
 .debug_aranges
                0x00000650       0x18 build/DM30004-2/production/_ext/458569783/ecc.o
 .debug_aranges
                0x00000668       0x28 build/DM30004-2/production/_ext/458569783/arc4.o
 .debug_aranges
                0x00000690       0x48 build/DM30004-2/production/_ext/458569783/pwdbased.o
 .debug_aranges
                0x000006d8       0x18 build/DM30004-2/production/_ext/458569783/tfm.o
 .debug_aranges
                0x000006f0      0x188 build/DM30004-2/production/_ext/458569783/asn.o
 .debug_aranges
                0x00000878       0x78 build/DM30004-2/production/_ext/458569783/des3.o
 .debug_aranges
                0x000008f0       0xa8 build/DM30004-2/production/_ext/458569783/rsa.o
 .debug_aranges
                0x00000998       0x68 build/DM30004-2/production/_ext/458569783/aes.o
 .debug_aranges
                0x00000a00       0x40 build/DM30004-2/production/_ext/458569783/md5.o
 .debug_aranges
                0x00000a40       0x38 build/DM30004-2/production/_ext/458569783/sha.o
 .debug_aranges
                0x00000a78       0x38 build/DM30004-2/production/_ext/458569783/sha256.o
 .debug_aranges
                0x00000ab0       0x18 build/DM30004-2/production/_ext/458569783/sha512.o
 .debug_aranges
                0x00000ac8       0x40 build/DM30004-2/production/_ext/458569783/hmac.o
 .debug_aranges
                0x00000b08       0x70 build/DM30004-2/production/_ext/458569783/hash.o
 .debug_aranges
                0x00000b78       0x18 build/DM30004-2/production/_ext/458569783/compress.o
 .debug_aranges
                0x00000b90       0x78 build/DM30004-2/production/_ext/458569783/random.o
 .debug_aranges
                0x00000c08      0x138 build/DM30004-2/production/_ext/458569783/crypto.o
 .debug_aranges
                0x00000d40       0x48 build/DM30004-2/production/_ext/458569783/coding.o
 .debug_aranges
                0x00000d88       0x28 build/DM30004-2/production/_ext/458569783/error.o
 .debug_aranges
                0x00000db0      0x260 build/DM30004-2/production/_ext/458569783/integer.o
 .debug_aranges
                0x00001010       0x30 build/DM30004-2/production/_ext/458569783/logging.o
 .debug_aranges
                0x00001040       0x38 build/DM30004-2/production/_ext/458569783/memory.o
 .debug_aranges
                0x00001078       0x18 build/DM30004-2/production/_ext/458569783/misc.o
 .debug_aranges
                0x00001090       0x40 build/DM30004-2/production/_ext/458569783/port.o
 .debug_aranges
                0x000010d0      0x180 build/DM30004-2/production/_ext/854379441/drv_ethmac.o
 .debug_aranges
                0x00001250       0xf0 build/DM30004-2/production/_ext/854379441/drv_ethmac_lib.o
 .debug_aranges
                0x00001340      0x280 build/DM30004-2/production/_ext/2030533247/drv_ethphy.o
 .debug_aranges
                0x000015c0       0x30 build/DM30004-2/production/_ext/2030533247/drv_extphy_smsc8740.o
 .debug_aranges
                0x000015f0      0x178 build/DM30004-2/production/_ext/2027566358/drv_tmr.o
 .debug_aranges
                0x00001768       0x78 build/DM30004-2/production/_ext/1322803601/sys_devcon.o
 .debug_aranges
                0x000017e0       0x20 build/DM30004-2/production/_ext/1322803601/sys_devcon_pic32mx.o
 .debug_aranges
                0x00001800       0x48 build/DM30004-2/production/_ext/1204230505/sys_int_pic32.o
 .debug_aranges
                0x00001848       0x68 build/DM30004-2/production/_ext/1310142747/sys_random.o
 .debug_aranges
                0x000018b0       0xd0 build/DM30004-2/production/_ext/62100799/sys_tmr.o
 .debug_aranges
                0x00001980       0x40 build/DM30004-2/production/_ext/804969968/helpers.o
 .debug_aranges
                0x000019c0       0x90 build/DM30004-2/production/_ext/1899562614/ipv4.o
 .debug_aranges
                0x00001a50      0x1b8 build/DM30004-2/production/_ext/1899562614/udp.o
 .debug_aranges
                0x00001c08       0x48 build/DM30004-2/production/_ext/1899562614/tcpip_heap_alloc.o
 .debug_aranges
                0x00001c50       0x60 build/DM30004-2/production/_ext/1899562614/tcpip_heap_internal.o
 .debug_aranges
                0x00001cb0      0x110 build/DM30004-2/production/_ext/1899562614/arp.o
 .debug_aranges
                0x00001dc0      0x180 build/DM30004-2/production/_ext/1899562614/dhcp.o
 .debug_aranges
                0x00001f40      0x140 build/DM30004-2/production/_ext/1899562614/dns.o
 .debug_aranges
                0x00002080       0x28 build/DM30004-2/production/_ext/1899562614/hash_fnv.o
 .debug_aranges
                0x000020a8       0x50 build/DM30004-2/production/_ext/1899562614/oahash.o
 .debug_aranges
                0x000020f8      0x210 build/DM30004-2/production/_ext/1899562614/tcpip_helpers.o
 .debug_aranges
                0x00002308       0x20 build/DM30004-2/production/_ext/1899562614/tcpip_helper_c32.o
 .debug_aranges
                0x00002328      0x370 build/DM30004-2/production/_ext/1899562614/tcpip_manager.o
 .debug_aranges
                0x00002698       0x40 build/DM30004-2/production/_ext/1899562614/tcpip_notify.o
 .debug_aranges
                0x000026d8       0x78 build/DM30004-2/production/_ext/1899562614/tcpip_packet.o
 .debug_aranges
                0x00002750       0x20 build/DM30004-2/production/_ext/1442095083/unabto_aes128_sha256.o
 .debug_aranges
                0x00002770       0x48 build/DM30004-2/production/_ext/1442095083/unabto_app_adapter.o
 .debug_aranges
                0x000027b8       0xd0 build/DM30004-2/production/_ext/1442095083/unabto_attach.o
 .debug_aranges
                0x00002888       0xa0 build/DM30004-2/production/_ext/1442095083/unabto_buffers.o
 .debug_aranges
                0x00002928       0x78 build/DM30004-2/production/_ext/1442095083/unabto_common_main.o
 .debug_aranges
                0x000029a0      0x110 build/DM30004-2/production/_ext/1442095083/unabto_connection.o
 .debug_aranges
                0x00002ab0       0x40 build/DM30004-2/production/_ext/1442095083/unabto_context.o
 .debug_aranges
                0x00002af0       0x98 build/DM30004-2/production/_ext/1442095083/unabto_crypto.o
 .debug_aranges
                0x00002b88       0x18 build/DM30004-2/production/_ext/1442095083/unabto_debug_packet.o
 .debug_aranges
                0x00002ba0       0x28 build/DM30004-2/production/_ext/1442095083/unabto_extended_rendezvous.o
 .debug_aranges
                0x00002bc8       0x18 build/DM30004-2/production/_ext/1442095083/unabto_memory.o
 .debug_aranges
                0x00002be0       0x38 build/DM30004-2/production/_ext/1442095083/unabto_message.o
 .debug_aranges
                0x00002c18       0x28 build/DM30004-2/production/_ext/1442095083/unabto_next_event.o
 .debug_aranges
                0x00002c40       0x70 build/DM30004-2/production/_ext/1442095083/unabto_packet.o
 .debug_aranges
                0x00002cb0       0xc0 build/DM30004-2/production/_ext/1442095083/unabto_packet_util.o
 .debug_aranges
                0x00002d70       0x28 build/DM30004-2/production/_ext/1442095083/unabto_prf.o
 .debug_aranges
                0x00002d98       0xe0 build/DM30004-2/production/_ext/1442095083/unabto_query_rw.o
 .debug_aranges
                0x00002e78       0xa0 build/DM30004-2/production/_ext/1442095083/unabto_stream.o
 .debug_aranges
                0x00002f18       0x30 build/DM30004-2/production/_ext/1442095083/unabto_stream_environment.o
 .debug_aranges
                0x00002f48       0xa0 build/DM30004-2/production/_ext/1442095083/unabto_stream_event.o
 .debug_aranges
                0x00002fe8      0x1e0 build/DM30004-2/production/_ext/1442095083/unabto_stream_window.o
 .debug_aranges
                0x000031c8       0x18 build/DM30004-2/production/_ext/1442095083/unabto_tcp_fallback.o
 .debug_aranges
                0x000031e0       0x30 build/DM30004-2/production/_ext/2107900007/unabto_harmony_crypto.o
 .debug_aranges
                0x00003210       0x28 build/DM30004-2/production/_ext/2107900007/unabto_harmony_dns.o
 .debug_aranges
                0x00003238       0x40 build/DM30004-2/production/_ext/2107900007/unabto_harmony_network.o
 .debug_aranges
                0x00003278       0x20 build/DM30004-2/production/_ext/2107900007/unabto_harmony_random.o
 .debug_aranges
                0x00003298       0x40 build/DM30004-2/production/_ext/2107900007/unabto_harmony_time.o
 .debug_aranges
                0x000032d8       0x28 build/DM30004-2/production/_ext/2107900007/unabto_udp_debug.o
 .debug_aranges
                0x00003300       0x20 /opt/microchip/xc32/v1.43/bin/bin/../../lib/gcc/pic32mx/4.8.3/libgcc.a(_divdi3.o)
 .debug_aranges
                0x00003320       0x20 /opt/microchip/xc32/v1.43/bin/bin/../../lib/gcc/pic32mx/4.8.3/libgcc.a(_udivdi3.o)
 .debug_aranges
                0x00003340       0x20 /opt/microchip/xc32/v1.43/bin/bin/../../lib/gcc/pic32mx/4.8.3/libgcc.a(floatunsisf.o)
 .debug_aranges
                0x00003360       0x20 /opt/microchip/xc32/v1.43/bin/bin/../../lib/gcc/pic32mx/4.8.3/../../../../pic32mx/lib/libpic32.a(default-bootstrap-exception-handler.o)
 .debug_aranges
                0x00003380       0x20 /opt/microchip/xc32/v1.43/bin/bin/../../lib/gcc/pic32mx/4.8.3/../../../../pic32mx/lib/libpic32.a(default-on-reset.o)
 .debug_aranges
                0x000033a0       0x20 /opt/microchip/xc32/v1.43/bin/bin/../../lib/gcc/pic32mx/4.8.3/../../../../pic32mx/lib/libpic32.a(default-on-bootstrap.o)
 .debug_aranges
                0x000033c0       0x20 /opt/microchip/xc32/v1.43/bin/bin/../../lib/gcc/pic32mx/4.8.3/../../../../pic32mx/lib/libpic32.a(defaultinterrupt.o)
 .debug_aranges
                0x000033e0       0x20 /opt/microchip/xc32/v1.43/bin/bin/../../lib/gcc/pic32mx/4.8.3/../../../../pic32mx/lib/libc.a(calloc.o)
 .debug_aranges
                0x00003400       0x40 /opt/microchip/xc32/v1.43/bin/bin/../../lib/gcc/pic32mx/4.8.3/../../../../pic32mx/lib/libc.a(ctime.o)
 .debug_aranges
                0x00003440       0xa0 /opt/microchip/xc32/v1.43/bin/bin/../../lib/gcc/pic32mx/4.8.3/../../../../pic32mx/lib/libc.a(ctypef.o)
 .debug_aranges
                0x000034e0       0x30 /opt/microchip/xc32/v1.43/bin/bin/../../lib/gcc/pic32mx/4.8.3/../../../../pic32mx/lib/libc.a(malloc.o)
 .debug_aranges
                0x00003510       0x20 /opt/microchip/xc32/v1.43/bin/bin/../../lib/gcc/pic32mx/4.8.3/../../../../pic32mx/lib/libc.a(memmove.o)
 .debug_aranges
                0x00003530       0x28 /opt/microchip/xc32/v1.43/bin/bin/../../lib/gcc/pic32mx/4.8.3/../../../../pic32mx/lib/libc.a(rand.o)
 .debug_aranges
                0x00003558       0x20 /opt/microchip/xc32/v1.43/bin/bin/../../lib/gcc/pic32mx/4.8.3/../../../../pic32mx/lib/libc.a(strncmp.o)
 .debug_aranges
                0x00003578       0x20 /opt/microchip/xc32/v1.43/bin/bin/../../lib/gcc/pic32mx/4.8.3/../../../../pic32mx/lib/libc.a(strncpy.o)
 .debug_aranges
                0x00003598       0x28 /opt/microchip/xc32/v1.43/bin/bin/../../lib/gcc/pic32mx/4.8.3/../../../../pic32mx/lib/libc.a(strtol.o)
 .debug_aranges
                0x000035c0       0x20 /opt/microchip/xc32/v1.43/bin/bin/../../lib/gcc/pic32mx/4.8.3/../../../../pic32mx/lib/libc.a(time.o)
 .debug_aranges
                0x000035e0       0x20 /opt/microchip/xc32/v1.43/bin/bin/../../lib/gcc/pic32mx/4.8.3/../../../../pic32mx/lib/libc.a(exit.o)
 .debug_aranges
                0x00003600       0x20 /opt/microchip/xc32/v1.43/bin/bin/../../lib/gcc/pic32mx/4.8.3/../../../../pic32mx/lib/libc.a(stdclean_simple.o)
 .debug_aranges
                0x00003620       0x20 /opt/microchip/xc32/v1.43/bin/bin/../../lib/gcc/pic32mx/4.8.3/../../../../pic32mx/lib/libc.a(sprintf_cdnopsuxX.eo)
 .debug_aranges
                0x00003640       0x20 /opt/microchip/xc32/v1.43/bin/bin/../../lib/gcc/pic32mx/4.8.3/../../../../pic32mx/lib/libc.a(vsnprintf.o)
 .debug_aranges
                0x00003660       0x20 /opt/microchip/xc32/v1.43/bin/bin/../../lib/gcc/pic32mx/4.8.3/../../../../pic32mx/lib/libc.a(doprnt_cdnopsuxX.eo)
 .debug_aranges
                0x00003680       0x30 /opt/microchip/xc32/v1.43/bin/bin/../../lib/gcc/pic32mx/4.8.3/../../../../pic32mx/lib/libc.a(doprnt.o)
 .debug_aranges
                0x000036b0       0x20 /opt/microchip/xc32/v1.43/bin/bin/../../lib/gcc/pic32mx/4.8.3/../../../../pic32mx/lib/libc.a(_fputc_simple.o)
 .debug_aranges
                0x000036d0       0x20 /opt/microchip/xc32/v1.43/bin/bin/../../lib/gcc/pic32mx/4.8.3/../../../../pic32mx/lib/libc.a(_flsbuf_simple.o)
 .debug_aranges
                0x000036f0       0x20 /opt/microchip/xc32/v1.43/bin/bin/../../lib/gcc/pic32mx/4.8.3/../../../../pic32mx/lib/libe.a(_fixunsdfdi.o)
 .debug_aranges
                0x00003710       0x20 /opt/microchip/xc32/v1.43/bin/bin/../../lib/gcc/pic32mx/4.8.3/../../../../pic32mx/lib/libe.a(_orderdf2.o)
 .debug_aranges
                0x00003730       0x20 /opt/microchip/xc32/v1.43/bin/bin/../../lib/gcc/pic32mx/4.8.3/../../../../pic32mx/lib/libe.a(_fixdfdi.o)
 .debug_aranges
                0x00003750       0x20 /opt/microchip/xc32/v1.43/bin/bin/../../lib/gcc/pic32mx/4.8.3/libgcc.a(_umoddi3.o)
 .debug_aranges
                0x00003770       0x20 /opt/microchip/xc32/v1.43/bin/bin/../../lib/gcc/pic32mx/4.8.3/libgcc.a(floatunsidf.o)
 .debug_aranges
                0x00003790       0x40 /opt/microchip/xc32/v1.43/bin/bin/../../lib/gcc/pic32mx/4.8.3/../../../../pic32mx/lib/libpic32.a(sbrk.o)
 .debug_aranges
                0x000037d0       0x20 /opt/microchip/xc32/v1.43/bin/bin/../../lib/gcc/pic32mx/4.8.3/../../../../pic32mx/lib/libpic32.a(write.o)
 .debug_aranges
                0x000037f0       0x20 /opt/microchip/xc32/v1.43/bin/bin/../../lib/gcc/pic32mx/4.8.3/../../../../pic32mx/lib/libpic32.a(_mon_putc.o)

.debug_pubnames
 *(.debug_pubnames)

.debug_info     0x00000000    0xe070d
 *(.debug_info .gnu.linkonce.wi.*)
 .debug_info    0x00000000     0x1545 build/DM30004-2/production/_ext/2025569787/sys_clk_static.o
 .debug_info    0x00001545     0x3c9e build/DM30004-2/production/_ext/540202005/sys_ports_static.o
 .debug_info    0x000051e3     0x5f51 build/DM30004-2/production/_ext/1280997252/system_init.o
 .debug_info    0x0000b134     0x14c2 build/DM30004-2/production/_ext/1280997252/system_interrupt.o
 .debug_info    0x0000c5f6      0xa96 build/DM30004-2/production/_ext/1280997252/system_exceptions.o
 .debug_info    0x0000d08c      0x95d build/DM30004-2/production/_ext/1280997252/system_tasks.o
 .debug_info    0x0000d9e9     0x1b4e build/DM30004-2/production/_ext/1360937237/app.o
 .debug_info    0x0000f537      0x1a7 build/DM30004-2/production/_ext/1360937237/main.o
 .debug_info    0x0000f6de     0x14d4 build/DM30004-2/production/_ext/1360937237/stream_echo.o